ARM Linker, 5.03 [Build 76] [MDK-ARM Lite]

==============================================================================

Section Cross References

    startup.o(STACK) refers (Special) to heapauxi.o(.text) for __use_two_region_memory
    startup.o(HEAP) refers (Special) to heapauxi.o(.text) for __use_two_region_memory
    startup.o(RESET) refers (Special) to heapauxi.o(.text) for __use_two_region_memory
    startup.o(RESET) refers to startup.o(STACK) for StackMem
    startup.o(RESET) refers to connect4.o(i.ADC0Seq3_Handler) for ADC0Seq3_Handler
    startup.o(RESET) refers to connect4.o(i.GPIOPortF_Handler) for GPIOPortF_Handler
    startup.o(RESET) refers to texas.o(i.Timer5A_Handler) for Timer5A_Handler
    startup.o(RESET) refers to __main.o(!!!main) for __main
    startup.o(.text) refers (Special) to heapauxi.o(.text) for __use_two_region_memory
    startup.o(.text) refers to startup.o(HEAP) for HeapMem
    startup.o(.text) refers to startup.o(STACK) for StackMem
    connect4.o(i.ADC0Seq3_Handler) refers to game.o(.data) for adc_val
    connect4.o(i.GPIOPortF_Handler) refers to gptm_driver.o(i.TIMER0_INIT) for TIMER0_INIT
    connect4.o(i.GPIOPortF_Handler) refers to game.o(.data) for sw1_pressed
    connect4.o(i.main) refers to gpio.o(i.GPIO_Init) for GPIO_Init
    connect4.o(i.main) refers to adc.o(i.Adc_init) for Adc_init
    connect4.o(i.main) refers to oled_i2c.o(i.I2C3_Init) for I2C3_Init
    connect4.o(i.main) refers to oled_i2c.o(i.OLED_Init) for OLED_Init
    connect4.o(i.main) refers to oled_i2c.o(i.OLED_Clear) for OLED_Clear
    connect4.o(i.main) refers to nokia5110.o(i.Nokia5110_Init) for Nokia5110_Init
    connect4.o(i.main) refers to nokia5110.o(i.Nokia5110_Clear) for Nokia5110_Clear
    connect4.o(i.main) refers to game.o(i.startingScreen) for startingScreen
    connect4.o(i.main) refers to game.o(i.printBoard) for printBoard
    connect4.o(i.main) refers to game.o(i.takeTurn) for takeTurn
    connect4.o(i.main) refers to game.o(i.checkWin) for checkWin
    connect4.o(i.main) refers to led.o(i.LED_Init) for LED_Init
    connect4.o(i.main) refers to led.o(i.LED_On) for LED_On
    connect4.o(i.main) refers to nokia5110.o(i.Nokia5110_OutString) for Nokia5110_OutString
    connect4.o(i.main) refers to nokia5110.o(i.Nokia5110_SetCursor) for Nokia5110_SetCursor
    connect4.o(i.main) refers to pwm.o(i.PWM_init) for PWM_init
    connect4.o(i.main) refers to oled_i2c.o(i.OLED_YX) for OLED_YX
    connect4.o(i.main) refers to oled_i2c.o(i.OLED_Write_String) for OLED_Write_String
    connect4.o(i.main) refers to led.o(i.LED_Off) for LED_Off
    connect4.o(i.main) refers to connect4.o(.data) for i
    connect4.o(i.main) refers to connect4.o(.bss) for board1
    connect4.o(i.main) refers to game.o(.data) for sw1_pressed
    connect4.o(.data) refers to connect4.o(.conststring) for .conststring
    game.o(i.checkWin) refers to game.o(i.horizontalCheck) for horizontalCheck
    game.o(i.checkWin) refers to game.o(i.verticalCheck) for verticalCheck
    game.o(i.checkWin) refers to game.o(i.diagonalCheck) for diagonalCheck
    game.o(i.diagonalCheck) refers to game.o(i.checkFour) for checkFour
    game.o(i.horizontalCheck) refers to game.o(i.checkFour) for checkFour
    game.o(i.printBoard) refers to nokia5110.o(i.Nokia5110_ClearBuffer) for Nokia5110_ClearBuffer
    game.o(i.printBoard) refers to nokia5110.o(i.Nokia5110_SetCursorChar) for Nokia5110_SetCursorChar
    game.o(i.startingScreen) refers to nokia5110.o(i.Nokia5110_SetCursor) for Nokia5110_SetCursor
    game.o(i.startingScreen) refers to nokia5110.o(i.Nokia5110_ClearBuffer) for Nokia5110_ClearBuffer
    game.o(i.startingScreen) refers to nokia5110.o(i.Nokia5110_DisplayBuffer) for Nokia5110_DisplayBuffer
    game.o(i.startingScreen) refers to nokia5110.o(i.Nokia5110_OutString) for Nokia5110_OutString
    game.o(i.startingScreen) refers to gptm_driver.o(i.TIMER0_INIT) for TIMER0_INIT
    game.o(i.takeTurn) refers to nokia5110.o(i.Nokia5110_SetCursorChar) for Nokia5110_SetCursorChar
    game.o(i.takeTurn) refers to gptm_driver.o(i.TIMER0_INIT) for TIMER0_INIT
    game.o(i.takeTurn) refers to game.o(i.changeBoard) for changeBoard
    game.o(i.takeTurn) refers to game.o(.data) for col
    game.o(i.verticalCheck) refers to game.o(i.checkFour) for checkFour
    gpio.o(i.GPIO_Init) refers to gpio.o(i.GPIO_EnablePortClock) for GPIO_EnablePortClock
    gpio.o(i.GPIO_Init) refers to gpio.o(i.GPIO_UnlockPort) for GPIO_UnlockPort
    gpio.o(i.GPIO_Init) refers to gpio.o(i.GPIO_AllowChanges) for GPIO_AllowChanges
    gpio.o(i.GPIO_Init) refers to gpio.o(i.GPIO_SetAnalogFunction) for GPIO_SetAnalogFunction
    gpio.o(i.GPIO_Init) refers to gpio.o(i.GPIO_ClearPinControl) for GPIO_ClearPinControl
    gpio.o(i.GPIO_Init) refers to gpio.o(i.GPIO_SetPinDirection) for GPIO_SetPinDirection
    gpio.o(i.GPIO_Init) refers to gpio.o(i.GPIO_DisableAlternateFunction) for GPIO_DisableAlternateFunction
[...]
    libinit.o(.ARM.Collect$$libinit$$00000000) refers (Special) to libinit2.o(.ARM.Collect$$libinit$$00000017) for __rt_lib_init_lc_time_1
    libinit.o(.ARM.Collect$$libinit$$00000000) refers (Special) to libinit2.o(.ARM.Collect$$libinit$$0000000C) for __rt_lib_init_rand_1
    libinit.o(.ARM.Collect$$libinit$$00000000) refers (Special) to libinit2.o(.ARM.Collect$$libinit$$00000031) for __rt_lib_init_return
    libinit.o(.ARM.Collect$$libinit$$00000000) refers (Special) to libinit2.o(.ARM.Collect$$libinit$$0000001B) for __rt_lib_init_signal_1
    libinit.o(.ARM.Collect$$libinit$$00000000) refers (Special) to libinit2.o(.ARM.Collect$$libinit$$00000023) for __rt_lib_init_stdio_1
    libinit.o(.ARM.Collect$$libinit$$00000000) refers (Special) to libinit2.o(.ARM.Collect$$libinit$$0000000A) for __rt_lib_init_user_alloc_1
    libinit2.o(.ARM.Collect$$libinit$$0000000D) refers (Weak) to rt_locale_intlibspace.o(.text) for __rt_locale
    libinit2.o(.ARM.Collect$$libinit$$0000000E) refers to libinit2.o(.ARM.Collect$$libinit$$0000000D) for .ARM.Collect$$libinit$$0000000D
    libinit2.o(.ARM.Collect$$libinit$$00000010) refers to libinit2.o(.ARM.Collect$$libinit$$0000000D) for .ARM.Collect$$libinit$$0000000D
    libinit2.o(.ARM.Collect$$libinit$$00000012) refers to libinit2.o(.ARM.Collect$$libinit$$0000000D) for .ARM.Collect$$libinit$$0000000D
    libinit2.o(.ARM.Collect$$libinit$$00000014) refers to libinit2.o(.ARM.Collect$$libinit$$0000000D) for .ARM.Collect$$libinit$$0000000D
    libinit2.o(.ARM.Collect$$libinit$$00000014) refers (Weak) to lc_numeric_c.o(locale$$code) for _get_lc_numeric
    libinit2.o(.ARM.Collect$$libinit$$00000016) refers to libinit2.o(.ARM.Collect$$libinit$$0000000D) for .ARM.Collect$$libinit$$0000000D
    libinit2.o(.ARM.Collect$$libinit$$00000024) refers to argv_veneer.o(.emb_text) for __ARM_argv_veneer
    libinit2.o(.ARM.Collect$$libinit$$00000025) refers to argv_veneer.o(.emb_text) for __ARM_argv_veneer
    rtexit.o(.ARM.Collect$$rtexit$$00000000) refers (Special) to rtexit2.o(.ARM.Collect$$rtexit$$00000004) for __rt_exit_exit
    rtexit.o(.ARM.Collect$$rtexit$$00000000) refers (Special) to rtexit2.o(.ARM.Collect$$rtexit$$00000003) for __rt_exit_ls
    rtexit.o(.ARM.Collect$$rtexit$$00000000) refers (Special) to rtexit2.o(.ARM.Collect$$rtexit$$00000002) for __rt_exit_prels_1
    rtexit.o(.ARM.exidx) refers (Special) to rtexit2.o(.ARM.Collect$$rtexit$$00000004) for __rt_exit_exit
    rtexit.o(.ARM.exidx) refers (Special) to rtexit2.o(.ARM.Collect$$rtexit$$00000003) for __rt_exit_ls
    rtexit.o(.ARM.exidx) refers (Special) to rtexit2.o(.ARM.Collect$$rtexit$$00000002) for __rt_exit_prels_1
    rtexit.o(.ARM.exidx) refers to rtexit.o(.ARM.Collect$$rtexit$$00000000) for .ARM.Collect$$rtexit$$00000000
    argv_veneer.o(.emb_text) refers to no_argv.o(.text) for __ARM_get_argv
    rtexit2.o(.ARM.Collect$$rtexit$$00000003) refers to libshutdown.o(.ARM.Collect$$libshutdown$$00000000) for __rt_lib_shutdown
    rtexit2.o(.ARM.Collect$$rtexit$$00000004) refers to sys_exit.o(.text) for _sys_exit
    rtexit2.o(.ARM.exidx) refers to rtexit2.o(.ARM.Collect$$rtexit$$00000001) for .ARM.Collect$$rtexit$$00000001
    rtexit2.o(.ARM.exidx) refers to rtexit2.o(.ARM.Collect$$rtexit$$00000003) for .ARM.Collect$$rtexit$$00000003
    rtexit2.o(.ARM.exidx) refers to rtexit2.o(.ARM.Collect$$rtexit$$00000004) for .ARM.Collect$$rtexit$$00000004
    _get_argv_nomalloc.o(.text) refers (Special) to hrguard.o(.text) for __heap_region$guard
    _get_argv_nomalloc.o(.text) refers to defsig_rtmem_outer.o(.text) for __rt_SIGRTMEM
    _get_argv_nomalloc.o(.text) refers to sys_command.o(.text) for _sys_command_string
    sys_command.o(.text) refers (Special) to use_no_semi.o(.text) for __I$use$semihosting
    sys_command.o(.text) refers (Special) to indicate_semi.o(.text) for __semihosting_library_function
    sys_exit.o(.text) refers (Special) to use_no_semi.o(.text) for __I$use$semihosting
    sys_exit.o(.text) refers (Special) to indicate_semi.o(.text) for __semihosting_library_function
    defsig_rtmem_outer.o(.text) refers to defsig_rtmem_inner.o(.text) for __rt_SIGRTMEM_inner
    defsig_rtmem_outer.o(.text) refers to defsig_exit.o(.text) for __sig_exit
    defsig_rtmem_formal.o(.text) refers to rt_raise.o(.text) for __rt_raise
    libshutdown.o(.ARM.Collect$$libshutdown$$00000000) refers (Special) to libshutdown2.o(.ARM.Collect$$libshutdown$$00000006) for __rt_lib_shutdown_fp_trap_1
    libshutdown.o(.ARM.Collect$$libshutdown$$00000000) refers (Special) to libshutdown2.o(.ARM.Collect$$libshutdown$$0000000E) for __rt_lib_shutdown_heap_1
    libshutdown.o(.ARM.Collect$$libshutdown$$00000000) refers (Special) to libshutdown2.o(.ARM.Collect$$libshutdown$$0000000F) for __rt_lib_shutdown_return
    libshutdown.o(.ARM.Collect$$libshutdown$$00000000) refers (Special) to libshutdown2.o(.ARM.Collect$$libshutdown$$00000009) for __rt_lib_shutdown_signal_1
    libshutdown.o(.ARM.Collect$$libshutdown$$00000000) refers (Special) to libshutdown2.o(.ARM.Collect$$libshutdown$$00000003) for __rt_lib_shutdown_stdio_1
    libshutdown.o(.ARM.Collect$$libshutdown$$00000000) refers (Special) to libshutdown2.o(.ARM.Collect$$libshutdown$$0000000B) for __rt_lib_shutdown_user_alloc_1
    rt_raise.o(.text) refers to __raise.o(.text) for __raise
    rt_raise.o(.text) refers to sys_exit.o(.text) for _sys_exit
    defsig_exit.o(.text) refers to sys_exit.o(.text) for _sys_exit
    defsig_rtmem_inner.o(.text) refers to defsig_general.o(.text) for __default_signal_display
    __raise.o(.text) refers to defsig.o(CL$$defsig) for __default_signal_handler
    defsig_general.o(.text) refers to sys_wrch.o(.text) for _ttywrch
    sys_wrch.o(.text) refers (Special) to use_no_semi.o(.text) for __I$use$semihosting
    sys_wrch.o(.text) refers (Special) to indicate_semi.o(.text) for __semihosting_library_function
    defsig.o(CL$$defsig) refers to defsig_rtmem_inner.o(.text) for __rt_SIGRTMEM_inner
    defsig_abrt_inner.o(.text) refers to defsig_general.o(.text) for __default_signal_display
    defsig_fpe_inner.o(.text) refers to defsig_general.o(.text) for __default_signal_display
    defsig_rtred_inner.o(.text) refers to defsig_general.o(.text) for __default_signal_display
    defsig_stak_inner.o(.text) refers to defsig_general.o(.text) for __default_signal_display
    defsig_pvfn_inner.o(.text) refers to defsig_general.o(.text) for __default_signal_display
    defsig_cppl_inner.o(.text) refers to defsig_general.o(.text) for __default_signal_display
    defsig_segv_inner.o(.text) refers to defsig_general.o(.text) for __default_signal_display
    defsig_other.o(.text) refers to defsig_general.o(.text) for __default_signal_display


==============================================================================

Removing Unused input sections from the image.

    Removing connect4.o(.constdata), (480 bytes).
    Removing game.o(i.hasEmptyCol), (34 bytes).
    Removing game.o(.constdata), (480 bytes).
    Removing nokia5110.o(i.Nokia5110_OutUDec), (412 bytes).
    Removing nokia5110.o(i.Nokia5110_PrintBMP), (424 bytes).
    Removing oled_i2c.o(i.OLED_Data), (16 bytes).
    Removing oled_i2c.o(i.OLED_Write_Float), (52 bytes).
    Removing oled_i2c.o(i.OLED_Write_Integer), (44 bytes).
    Removing oled_i2c.o(.data), (8 bytes).
    Removing gg.o(i.GPIOADCTriggerDisable), (16 bytes).
    Removing gg.o(i.GPIOADCTriggerEnable), (16 bytes).
    Removing gg.o(i.GPIODMATriggerDisable), (16 bytes).
    Removing gg.o(i.GPIODMATriggerEnable), (16 bytes).
    Removing gg.o(i.GPIODirModeGet), (46 bytes).
    Removing gg.o(i.GPIODirModeSet), (64 bytes).
    Removing gg.o(i.GPIOIntClear), (8 bytes).
    Removing gg.o(i.GPIOIntDisable), (16 bytes).
    Removing gg.o(i.GPIOIntEnable), (16 bytes).
    Removing gg.o(i.GPIOIntRegister), (30 bytes).
    Removing gg.o(i.GPIOIntStatus), (20 bytes).
    Removing gg.o(i.GPIOIntTypeGet), (84 bytes).
    Removing gg.o(i.GPIOIntTypeSet), (126 bytes).
    Removing gg.o(i.GPIOIntUnregister), (26 bytes).
    Removing gg.o(i.GPIOPadConfigGet), (230 bytes).
    Removing gg.o(i.GPIOPadConfigSet), (410 bytes).
    Removing gg.o(i.GPIOPinConfigure), (84 bytes).
    Removing gg.o(i.GPIOPinRead), (12 bytes).
    Removing gg.o(i.GPIOPinTypeADC), (30 bytes).
    Removing gg.o(i.GPIOPinTypeCAN), (30 bytes).
    Removing gg.o(i.GPIOPinTypeCIR), (30 bytes).
    Removing gg.o(i.GPIOPinTypeComparator), (30 bytes).
    Removing gg.o(i.GPIOPinTypeEPI), (30 bytes).
    Removing gg.o(i.GPIOPinTypeEthernetLED), (30 bytes).
    Removing gg.o(i.GPIOPinTypeEthernetMII), (30 bytes).
    Removing gg.o(i.GPIOPinTypeGPIOInput), (30 bytes).
    Removing gg.o(i.GPIOPinTypeGPIOOutput), (30 bytes).
    Removing gg.o(i.GPIOPinTypeGPIOOutputOD), (30 bytes).
    Removing gg.o(i.GPIOPinTypeI2C), (30 bytes).
    Removing gg.o(i.GPIOPinTypeI2CSCL), (30 bytes).
    Removing gg.o(i.GPIOPinTypeKBColumn), (30 bytes).
    Removing gg.o(i.GPIOPinTypeKBRow), (30 bytes).
    Removing gg.o(i.GPIOPinTypeLCD), (30 bytes).
    Removing gg.o(i.GPIOPinTypeLEDSeq), (30 bytes).
    Removing gg.o(i.GPIOPinTypeLPC), (30 bytes).
    Removing gg.o(i.GPIOPinTypePECIRx), (30 bytes).
    Removing gg.o(i.GPIOPinTypePECITx), (30 bytes).
    Removing gg.o(i.GPIOPinTypePWM), (30 bytes).
    Removing gg.o(i.GPIOPinTypeQEI), (30 bytes).
    Removing gg.o(i.GPIOPinTypeSSI), (30 bytes).
    Removing gg.o(i.GPIOPinTypeTimer), (30 bytes).
    Removing gg.o(i.GPIOPinTypeUART), (30 bytes).
    Removing gg.o(i.GPIOPinTypeUSBAnalog), (30 bytes).
    Removing gg.o(i.GPIOPinTypeUSBDigital), (30 bytes).
    Removing gg.o(i.GPIOPinTypeWakeHigh), (32 bytes).
    Removing gg.o(i.GPIOPinTypeWakeLow), (32 bytes).
    Removing gg.o(i.GPIOPinWakeStatus), (8 bytes).
    Removing gg.o(i.GPIOPinWrite), (10 bytes).
    Removing gg.o(i._GPIOIntNumberGet), (76 bytes).
    Removing gg.o(.constdata), (528 bytes).
    Removing cpu.o(.emb_text), (38 bytes).
    Removing i2c.o(i.I2CFIFODataGet), (24 bytes).
    Removing i2c.o(i.I2CFIFODataGetNonBlocking), (30 bytes).
    Removing i2c.o(i.I2CFIFODataPut), (22 bytes).
    Removing i2c.o(i.I2CFIFODataPutNonBlocking), (28 bytes).
    Removing i2c.o(i.I2CFIFOStatus), (10 bytes).
    Removing i2c.o(i.I2CIntRegister), (30 bytes).
    Removing i2c.o(i.I2CIntUnregister), (26 bytes).
    Removing i2c.o(i.I2CMasterBurstCountGet), (6 bytes).
    Removing i2c.o(i.I2CMasterBurstLengthSet), (4 bytes).
    Removing i2c.o(i.I2CMasterBusBusy), (18 bytes).
    Removing i2c.o(i.I2CMasterBusy), (18 bytes).
    Removing i2c.o(i.I2CMasterControl), (4 bytes).
    Removing i2c.o(i.I2CMasterDataGet), (6 bytes).
    Removing i2c.o(i.I2CMasterDataPut), (4 bytes).
    Removing i2c.o(i.I2CMasterDisable), (10 bytes).
    Removing i2c.o(i.I2CMasterEnable), (10 bytes).
    Removing i2c.o(i.I2CMasterErr), (30 bytes).
    Removing i2c.o(i.I2CMasterGlitchFilterConfigSet), (8 bytes).
    Removing i2c.o(i.I2CMasterInitExpClk), (92 bytes).
    Removing i2c.o(i.I2CMasterIntClear), (8 bytes).
    Removing i2c.o(i.I2CMasterIntClearEx), (4 bytes).
    Removing i2c.o(i.I2CMasterIntDisable), (6 bytes).
    Removing i2c.o(i.I2CMasterIntDisableEx), (8 bytes).
    Removing i2c.o(i.I2CMasterIntEnable), (6 bytes).
    Removing i2c.o(i.I2CMasterIntEnableEx), (8 bytes).
    Removing i2c.o(i.I2CMasterIntStatus), (28 bytes).
    Removing i2c.o(i.I2CMasterIntStatusEx), (12 bytes).
    Removing i2c.o(i.I2CMasterLineStateGet), (6 bytes).
    Removing i2c.o(i.I2CMasterSlaveAddrSet), (8 bytes).
    Removing i2c.o(i.I2CMasterTimeoutSet), (4 bytes).
    Removing i2c.o(i.I2CRxFIFOConfigSet), (26 bytes).
    Removing i2c.o(i.I2CRxFIFOFlush), (18 bytes).
    Removing i2c.o(i.I2CSlaveACKOverride), (38 bytes).
    Removing i2c.o(i.I2CSlaveACKValueSet), (38 bytes).
    Removing i2c.o(i.I2CSlaveAddressSet), (34 bytes).
    Removing i2c.o(i.I2CSlaveDataGet), (10 bytes).
    Removing i2c.o(i.I2CSlaveDataPut), (8 bytes).
    Removing i2c.o(i.I2CSlaveDisable), (18 bytes).
    Removing i2c.o(i.I2CSlaveEnable), (18 bytes).
    Removing i2c.o(i.I2CSlaveFIFODisable), (10 bytes).
    Removing i2c.o(i.I2CSlaveFIFOEnable), (12 bytes).
    Removing i2c.o(i.I2CSlaveInit), (20 bytes).
    Removing i2c.o(i.I2CSlaveIntClear), (10 bytes).
    Removing i2c.o(i.I2CSlaveIntClearEx), (8 bytes).
    Removing i2c.o(i.I2CSlaveIntDisable), (18 bytes).
    Removing i2c.o(i.I2CSlaveIntDisableEx), (16 bytes).
    Removing i2c.o(i.I2CSlaveIntEnable), (18 bytes).
    Removing i2c.o(i.I2CSlaveIntEnableEx), (16 bytes).
    Removing i2c.o(i.I2CSlaveIntStatus), (36 bytes).
    Removing i2c.o(i.I2CSlaveIntStatusEx), (20 bytes).
    Removing i2c.o(i.I2CSlaveStatus), (10 bytes).
    Removing i2c.o(i.I2CTxFIFOConfigSet), (28 bytes).
    Removing i2c.o(i.I2CTxFIFOFlush), (18 bytes).
    Removing i2c.o(i._I2CIntNumberGet), (76 bytes).
    Removing i2c.o(.constdata), (128 bytes).
    Removing interrupt.o(i.IntDisable), (116 bytes).
    Removing interrupt.o(i.IntEnable), (116 bytes).
    Removing interrupt.o(i.IntIsEnabled), (108 bytes).
    Removing interrupt.o(i.IntMasterDisable), (16 bytes).
    Removing interrupt.o(i.IntMasterEnable), (16 bytes).
    Removing interrupt.o(i.IntPendClear), (76 bytes).
    Removing interrupt.o(i.IntPendSet), (96 bytes).
    Removing interrupt.o(i.IntPriorityGet), (28 bytes).
    Removing interrupt.o(i.IntPriorityGroupingGet), (44 bytes).
    Removing interrupt.o(i.IntPriorityGroupingSet), (28 bytes).
    Removing interrupt.o(i.IntPriorityMaskGet), (8 bytes).
    Removing interrupt.o(i.IntPriorityMaskSet), (12 bytes).
    Removing interrupt.o(i.IntPrioritySet), (52 bytes).
    Removing interrupt.o(i.IntRegister), (60 bytes).
    Removing interrupt.o(i.IntTrigger), (16 bytes).
    Removing interrupt.o(i.IntUnregister), (20 bytes).
    Removing interrupt.o(i._IntDefaultHandler), (4 bytes).
    Removing interrupt.o(.constdata), (268 bytes).
    Removing interrupt.o(vtable), (620 bytes).
    Removing texas.o(i.ADC1_Init), (208 bytes).
    Removing texas.o(i.Decrypt), (92 bytes).
    Removing texas.o(i.PLL_Init), (124 bytes).
    Removing texas.o(i.PortD2_Init), (108 bytes).
    Removing texas.o(i.SetCourse), (24 bytes).
    Removing texas.o(i.SetMode), (24 bytes).
    Removing texas.o(i.TExaS_Init), (296 bytes).
    Removing texas.o(i.TExaS_Stop), (28 bytes).
    Removing texas.o(i.copy), (18 bytes).

143 unused section(s) (total 8446 bytes) removed from the image.

==============================================================================

Image Symbol Table

    Local Symbols

    Symbol Name                              Value     Ov Type        Size  Object(Section)

    RESET                                    0x00000000   Section      644  startup.o(RESET)
    ../clib/angel/boardlib.s                 0x00000000   Number         0  boardinit3.o ABSOLUTE
    ../clib/angel/boardlib.s                 0x00000000   Number         0  boardinit2.o ABSOLUTE
    ../clib/angel/boardlib.s                 0x00000000   Number         0  boardinit1.o ABSOLUTE
    ../clib/angel/boardlib.s                 0x00000000   Number         0  boardshut.o ABSOLUTE
    ../clib/angel/handlers.s                 0x00000000   Number         0  __scatter_zi.o ABSOLUTE
    ../clib/angel/handlers.s                 0x00000000   Number         0  __scatter_copy.o ABSOLUTE
    ../clib/angel/kernel.s                   0x00000000   Number         0  rtentry4.o ABSOLUTE
    ../clib/angel/kernel.s                   0x00000000   Number         0  rtexit2.o ABSOLUTE
    ../clib/angel/kernel.s                   0x00000000   Number         0  rtexit.o ABSOLUTE
    ../clib/angel/kernel.s                   0x00000000   Number         0  rtentry2.o ABSOLUTE
    ../clib/angel/kernel.s                   0x00000000   Number         0  rtentry.o ABSOLUTE
    ../clib/angel/rt.s                       0x00000000   Number         0  rt_locale.o ABSOLUTE
    ../clib/angel/rt.s                       0x00000000   Number         0  rt_locale_intlibspace.o ABSOLUTE
    ../clib/angel/rt.s                       0x00000000   Number         0  rt_raise.o ABSOLUTE
    ../clib/angel/scatter.s                  0x00000000   Number         0  __scatter.o ABSOLUTE
    ../clib/angel/startup.s                  0x00000000   Number         0  __main.o ABSOLUTE
    ../clib/angel/sys.s                      0x00000000   Number         0  libspace.o ABSOLUTE
    ../clib/angel/sys.s                      0x00000000   Number         0  sys_stackheap_outer.o ABSOLUTE
    ../clib/angel/sys.s                      0x00000000   Number         0  indicate_semi.o ABSOLUTE
    ../clib/angel/sys.s                      0x00000000   Number         0  use_no_semi.o ABSOLUTE
    ../clib/angel/sysapp.c                   0x00000000   Number         0  sys_command.o ABSOLUTE
    ../clib/angel/sysapp.c                   0x00000000   Number         0  sys_wrch.o ABSOLUTE
    ../clib/angel/sysapp.c                   0x00000000   Number         0  sys_exit.o ABSOLUTE
    ../clib/armsys.c                         0x00000000   Number         0  argv_veneer.o ABSOLUTE
    ../clib/armsys.c                         0x00000000   Number         0  argv_veneer.o ABSOLUTE
    ../clib/armsys.c                         0x00000000   Number         0  no_argv.o ABSOLUTE
    ../clib/armsys.c                         0x00000000   Number         0  _get_argv_nomalloc.o ABSOLUTE
    ../clib/bigflt.c                         0x00000000   Number         0  bigflt0.o ABSOLUTE
    ../clib/btod.s                           0x00000000   Number         0  btod.o ABSOLUTE
    ../clib/heapalloc.c                      0x00000000   Number         0  hrguard.o ABSOLUTE
    ../clib/heapaux.c                        0x00000000   Number         0  heapauxi.o ABSOLUTE
    ../clib/libinit.s                        0x00000000   Number         0  libshutdown.o ABSOLUTE
    ../clib/libinit.s                        0x00000000   Number         0  libshutdown2.o ABSOLUTE
    ../clib/libinit.s                        0x00000000   Number         0  libinit.o ABSOLUTE
    ../clib/libinit.s                        0x00000000   Number         0  libinit2.o ABSOLUTE
    ../clib/locale.s                         0x00000000   Number         0  lc_numeric_c.o ABSOLUTE
    ../clib/longlong.s                       0x00000000   Number         0  lludiv10.o ABSOLUTE
    ../clib/memcpset.s                       0x00000000   Number         0  rt_memcpy_w.o ABSOLUTE
    ../clib/memcpset.s                       0x00000000   Number         0  strcmpv7m.o ABSOLUTE
    ../clib/memcpset.s                       0x00000000   Number         0  rt_memmove_w.o ABSOLUTE
    ../clib/memcpset.s                       0x00000000   Number         0  rt_memcpy_v6.o ABSOLUTE
    ../clib/memcpset.s                       0x00000000   Number         0  rt_memmove_v6.o ABSOLUTE
    ../clib/printf.c                         0x00000000   Number         0  noretval__2sprintf.o ABSOLUTE
    ../clib/printf.c                         0x00000000   Number         0  __printf_flags_ss_wp.o ABSOLUTE
    ../clib/printf.c                         0x00000000   Number         0  _printf_fp_infnan.o ABSOLUTE
    ../clib/printf.c                         0x00000000   Number         0  __printf_ss_wp.o ABSOLUTE
    ../clib/printf.c                         0x00000000   Number         0  __printf_flags_wp.o ABSOLUTE
    ../clib/printf.c                         0x00000000   Number         0  __printf_wp.o ABSOLUTE
    ../clib/printf.c                         0x00000000   Number         0  __printf_flags_ss.o ABSOLUTE
    ../clib/printf.c                         0x00000000   Number         0  __printf_ss.o ABSOLUTE
    ../clib/printf.c                         0x00000000   Number         0  __printf_nopercent.o ABSOLUTE
    ../clib/printf.c                         0x00000000   Number         0  __printf_flags.o ABSOLUTE
    ../clib/printf.c                         0x00000000   Number         0  _printf_dec.o ABSOLUTE
    ../clib/printf.c                         0x00000000   Number         0  __printf.o ABSOLUTE
    ../clib/printf.c                         0x00000000   Number         0  _sputc.o ABSOLUTE
    ../clib/printf.c                         0x00000000   Number         0  _printf_char_common.o ABSOLUTE
    ../clib/printf.c                         0x00000000   Number         0  _printf_fp_dec.o ABSOLUTE
    ../clib/printf.c                         0x00000000   Number         0  _printf_intcommon.o ABSOLUTE
    ../clib/printf.c                         0x00000000   Number         0  __2sprintf.o ABSOLUTE
    ../clib/printf_percent.s                 0x00000000   Number         0  _printf_percent.o ABSOLUTE
    ../clib/printf_percent.s                 0x00000000   Number         0  _printf_f.o ABSOLUTE
    ../clib/printf_percent.s                 0x00000000   Number         0  _printf_d.o ABSOLUTE
    ../clib/printf_percent.s                 0x00000000   Number         0  _printf_percent_end.o ABSOLUTE
    ../clib/signal.c                         0x00000000   Number         0  __raise.o ABSOLUTE
    ../clib/signal.c                         0x00000000   Number         0  defsig_exit.o ABSOLUTE
    ../clib/signal.c                         0x00000000   Number         0  defsig_rtmem_formal.o ABSOLUTE
    ../clib/signal.c                         0x00000000   Number         0  defsig_rtmem_outer.o ABSOLUTE
    ../clib/signal.c                         0x00000000   Number         0  defsig_rtmem_inner.o ABSOLUTE
    ../clib/signal.c                         0x00000000   Number         0  defsig_other.o ABSOLUTE
    ../clib/signal.c                         0x00000000   Number         0  defsig_segv_inner.o ABSOLUTE
    ../clib/signal.c                         0x00000000   Number         0  defsig_cppl_inner.o ABSOLUTE
    ../clib/signal.c                         0x00000000   Number         0  defsig_pvfn_inner.o ABSOLUTE
    ../clib/signal.c                         0x00000000   Number         0  defsig_stak_inner.o ABSOLUTE
    ../clib/signal.c                         0x00000000   Number         0  defsig_rtred_inner.o ABSOLUTE
    ../clib/signal.c                         0x00000000   Number         0  defsig_fpe_inner.o ABSOLUTE
    ../clib/signal.c                         0x00000000   Number         0  defsig_abrt_inner.o ABSOLUTE
    ../clib/signal.c                         0x00000000   Number         0  defsig_general.o ABSOLUTE
    ../clib/signal.s                         0x00000000   Number         0  defsig.o ABSOLUTE
    ../clib/stdlib.c                         0x00000000   Number         0  exit.o ABSOLUTE
    ../fplib/dretinf.s                       0x00000000   Number         0  dretinf.o ABSOLUTE
    ../fplib/f2d.s                           0x00000000   Number         0  f2d.o ABSOLUTE
    ../fplib/fnaninf.s                       0x00000000   Number         0  fnaninf.o ABSOLUTE
    ../fplib/fpinit.s                        0x00000000   Number         0  fpinit.o ABSOLUTE
    ../fplib/istatus.s                       0x00000000   Number         0  istatus.o ABSOLUTE
    ../fplib/printf1.s                       0x00000000   Number         0  printf1.o ABSOLUTE
    ../fplib/usenofp.s                       0x00000000   Number         0  usenofp.o ABSOLUTE
    ../mathlib/fpclassify.c                  0x00000000   Number         0  fpclassify.o ABSOLUTE
    ..\\driverlib\\cpu.c                     0x00000000   Number         0  cpu.o ABSOLUTE
    ..\driverlib\cpu.c                       0x00000000   Number         0  cpu.o ABSOLUTE
    ..\driverlib\i2c.c                       0x00000000   Number         0  i2c.o ABSOLUTE
    ..\driverlib\interrupt.c                 0x00000000   Number         0  interrupt.o ABSOLUTE
    ADC.c                                    0x00000000   Number         0  adc.o ABSOLUTE
    BranchingFunctionsDelays.c               0x00000000   Number         0  branchingfunctionsdelays.o ABSOLUTE
    Connect4.c                               0x00000000   Number         0  connect4.o ABSOLUTE
    GPIO.c                                   0x00000000   Number         0  gpio.o ABSOLUTE
    GPTM_Driver.c                            0x00000000   Number         0  gptm_driver.o ABSOLUTE
    LED.c                                    0x00000000   Number         0  led.o ABSOLUTE
    Nokia5110.c                              0x00000000   Number         0  nokia5110.o ABSOLUTE
    PWM.c                                    0x00000000   Number         0  pwm.o ABSOLUTE
    TExaS.c                                  0x00000000   Number         0  texas.o ABSOLUTE
    dc.s                                     0x00000000   Number         0  dc.o ABSOLUTE
    game.c                                   0x00000000   Number         0  game.o ABSOLUTE
    gg.c                                     0x00000000   Number         0  gg.o ABSOLUTE
    oled_i2c.c                               0x00000000   Number         0  oled_i2c.o ABSOLUTE
    startup.s                                0x00000000   Number         0  startup.o ABSOLUTE
    !!!main                                  0x00000284   Section        8  __main.o(!!!main)
    !!!scatter                               0x0000028c   Section       52  __scatter.o(!!!scatter)
    !!handler_copy                           0x000002c0   Section       26  __scatter_copy.o(!!handler_copy)
    !!handler_zi                             0x000002dc   Section       28  __scatter_zi.o(!!handler_zi)
    .ARM.Collect$$libinit$$00000000          0x000002f8   Section        2  libinit.o(.ARM.Collect$$libinit$$00000000)
    .ARM.Collect$$libinit$$00000002          0x000002fa   Section        0  libinit2.o(.ARM.Collect$$libinit$$00000002)
    .ARM.Collect$$libinit$$00000008          0x000002fa   Section        0  libinit2.o(.ARM.Collect$$libinit$$00000008)
    .ARM.Collect$$libinit$$0000000A          0x000002fa   Section        0  libinit2.o(.ARM.Collect$$libinit$$0000000A)
    .ARM.Collect$$libinit$$0000000C          0x000002fa   Section        0  libinit2.o(.ARM.Collect$$libinit$$0000000C)
    .ARM.Collect$$libinit$$0000000F          0x000002fa   Section        0  libinit2.o(.ARM.Collect$$libinit$$0000000F)
    .ARM.Collect$$libinit$$00000011          0x000002fa   Section        0  libinit2.o(.ARM.Collect$$libinit$$00000011)
    .ARM.Collect$$libinit$$00000013          0x000002fa   Section        0  libinit2.o(.ARM.Collect$$libinit$$00000013)
    .ARM.Collect$$libinit$$00000015          0x000002fa   Section        0  libinit2.o(.ARM.Collect$$libinit$$00000015)
    .ARM.Collect$$libinit$$00000017          0x000002fa   Section        0  libinit2.o(.ARM.Collect$$libinit$$00000017)
    .ARM.Collect$$libinit$$00000019          0x000002fa   Section        0  libinit2.o(.ARM.Collect$$libinit$$00000019)
    .ARM.Collect$$libinit$$0000001B          0x000002fa   Section        0  libinit2.o(.ARM.Collect$$libinit$$0000001B)
    .ARM.Collect$$libinit$$0000001D          0x000002fa   Section        0  libinit2.o(.ARM.Collect$$libinit$$0000001D)
    .ARM.Collect$$libinit$$0000001F          0x000002fa   Section        0  libinit2.o(.ARM.Collect$$libinit$$0000001F)
    .ARM.Collect$$libinit$$00000021          0x000002fa   Section        0  libinit2.o(.ARM.Collect$$libinit$$00000021)
    .ARM.Collect$$libinit$$00000023          0x000002fa   Section        0  libinit2.o(.ARM.Collect$$libinit$$00000023)
    .ARM.Collect$$libinit$$0000002A          0x000002fa   Section        0  libinit2.o(.ARM.Collect$$libinit$$0000002A)
    .ARM.Collect$$libinit$$0000002C          0x000002fa   Section        0  libinit2.o(.ARM.Collect$$libinit$$0000002C)
    .ARM.Collect$$libinit$$0000002E          0x000002fa   Section        0  libinit2.o(.ARM.Collect$$libinit$$0000002E)
    .ARM.Collect$$libinit$$00000030          0x000002fa   Section        0  libinit2.o(.ARM.Collect$$libinit$$00000030)
    .ARM.Collect$$libinit$$00000031          0x000002fa   Section        2  libinit2.o(.ARM.Collect$$libinit$$00000031)
    .ARM.Collect$$libshutdown$$00000000      0x000002fc   Section        2  libshutdown.o(.ARM.Collect$$libshutdown$$00000000)
    .ARM.Collect$$libshutdown$$00000003      0x000002fe   Section        0  libshutdown2.o(.ARM.Collect$$libshutdown$$00000003)
    .ARM.Collect$$libshutdown$$00000006      0x000002fe   Section        0  libshutdown2.o(.ARM.Collect$$libshutdown$$00000006)
    .ARM.Collect$$libshutdown$$00000009      0x000002fe   Section        0  libshutdown2.o(.ARM.Collect$$libshutdown$$00000009)
    .ARM.Collect$$libshutdown$$0000000B      0x000002fe   Section        0  libshutdown2.o(.ARM.Collect$$libshutdown$$0000000B)
    .ARM.Collect$$libshutdown$$0000000E      0x000002fe   Section        0  libshutdown2.o(.ARM.Collect$$libshutdown$$0000000E)
    .ARM.Collect$$libshutdown$$0000000F      0x000002fe   Section        2  libshutdown2.o(.ARM.Collect$$libshutdown$$0000000F)
    .ARM.Collect$$rtentry$$00000000          0x00000300   Section        0  rtentry.o(.ARM.Collect$$rtentry$$00000000)
    .ARM.Collect$$rtentry$$00000002          0x00000300   Section        0  rtentry2.o(.ARM.Collect$$rtentry$$00000002)
    .ARM.Collect$$rtentry$$00000004          0x00000300   Section        6  rtentry4.o(.ARM.Collect$$rtentry$$00000004)
    .ARM.Collect$$rtentry$$00000009          0x00000306   Section        0  rtentry2.o(.ARM.Collect$$rtentry$$00000009)
    .ARM.Collect$$rtentry$$0000000A          0x00000306   Section        4  rtentry2.o(.ARM.Collect$$rtentry$$0000000A)
    .ARM.Collect$$rtentry$$0000000C          0x0000030a   Section        0  rtentry2.o(.ARM.Collect$$rtentry$$0000000C)
    .ARM.Collect$$rtentry$$0000000D          0x0000030a   Section        8  rtentry2.o(.ARM.Collect$$rtentry$$0000000D)
    .ARM.Collect$$rtexit$$00000000           0x00000312   Section        2  rtexit.o(.ARM.Collect$$rtexit$$00000000)
    .ARM.Collect$$rtexit$$00000002           0x00000314   Section        0  rtexit2.o(.ARM.Collect$$rtexit$$00000002)
    .ARM.Collect$$rtexit$$00000003           0x00000314   Section        4  rtexit2.o(.ARM.Collect$$rtexit$$00000003)
    .ARM.Collect$$rtexit$$00000004           0x00000318   Section        6  rtexit2.o(.ARM.Collect$$rtexit$$00000004)
    .text                                    0x00000320   Section       48  startup.o(.text)
    .text                                    0x00000350   Section      132  rt_memmove_v6.o(.text)
    .text                                    0x000003d4   Section      128  strcmpv7m.o(.text)
    .text                                    0x00000454   Section        0  heapauxi.o(.text)
    .text                                    0x0000045a   Section      138  rt_memcpy_v6.o(.text)
    .text                                    0x000004e4   Section      122  rt_memmove_w.o(.text)
    .text                                    0x0000055e   Section      100  rt_memcpy_w.o(.text)
    .text                                    0x000005c4   Section        8  libspace.o(.text)
    .text                                    0x000005cc   Section       74  sys_stackheap_outer.o(.text)
    .text                                    0x00000616   Section        0  exit.o(.text)
    .text                                    0x00000624   Section        0  sys_exit.o(.text)
    .text                                    0x00000630   Section        2  use_no_semi.o(.text)
    .text                                    0x00000632   Section        0  indicate_semi.o(.text)
    i.ADC0Seq3_Handler                       0x00000634   Section        0  connect4.o(i.ADC0Seq3_Handler)
    i.ADC1_In                                0x0000065c   Section        0  texas.o(i.ADC1_In)
    i.Adc_init                               0x00000668   Section        0  adc.o(i.Adc_init)
    i.Encrypt                                0x00000710   Section        0  texas.o(i.Encrypt)
    i.GPIOPortF_Handler                      0x0000077c   Section        0  connect4.o(i.GPIOPortF_Handler)
    i.GPIO_AllowChanges                      0x000007e4   Section        0  gpio.o(i.GPIO_AllowChanges)
    i.GPIO_ClearInterruptFlags               0x00000834   Section        0  gpio.o(i.GPIO_ClearInterruptFlags)
    i.GPIO_ClearPinControl                   0x00000880   Section        0  gpio.o(i.GPIO_ClearPinControl)
    i.GPIO_DisableAlternateFunction          0x000008d4   Section        0  gpio.o(i.GPIO_DisableAlternateFunction)
    i.GPIO_DisableDigital                    0x00000928   Section        0  gpio.o(i.GPIO_DisableDigital)
    i.GPIO_EnableAlternateFunction           0x0000097c   Section        0  gpio.o(i.GPIO_EnableAlternateFunction)
    i.GPIO_EnableDigital                     0x000009d0   Section        0  gpio.o(i.GPIO_EnableDigital)
    i.GPIO_EnableInterrupt                   0x00000a24   Section        0  gpio.o(i.GPIO_EnableInterrupt)
    i.GPIO_EnableInterruptInNVIC             0x00000a74   Section        0  gpio.o(i.GPIO_EnableInterruptInNVIC)
    i.GPIO_EnablePortClock                   0x00000a8c   Section        0  gpio.o(i.GPIO_EnablePortClock)
    i.GPIO_EnablePullUp                      0x00000af0   Section        0  gpio.o(i.GPIO_EnablePullUp)
    i.GPIO_Init                              0x00000b44   Section        0  gpio.o(i.GPIO_Init)
    i.GPIO_SetAnalogFunction                 0x00000c24   Section        0  gpio.o(i.GPIO_SetAnalogFunction)
    i.GPIO_SetInterruptBothEdges             0x00000c74   Section        0  gpio.o(i.GPIO_SetInterruptBothEdges)
    i.GPIO_SetInterruptEvent                 0x00000cd0   Section        0  gpio.o(i.GPIO_SetInterruptEvent)
    i.GPIO_SetInterruptPriority              0x00000d2c   Section        0  gpio.o(i.GPIO_SetInterruptPriority)
    i.GPIO_SetInterruptSense                 0x00000d44   Section        0  gpio.o(i.GPIO_SetInterruptSense)
    i.GPIO_SetPinControl                     0x00000da0   Section        0  gpio.o(i.GPIO_SetPinControl)
    i.GPIO_SetPinDirection                   0x00000df0   Section        0  gpio.o(i.GPIO_SetPinDirection)
    i.GPIO_UnlockPort                        0x00000e98   Section        0  gpio.o(i.GPIO_UnlockPort)
    i.GPTM0_Delay_Unit                       0x00000ef8   Section        0  gptm_driver.o(i.GPTM0_Delay_Unit)
    i.I2C3_Init                              0x00000f48   Section        0  oled_i2c.o(i.I2C3_Init)
    i.I2C3_Wr                                0x00000fb8   Section        0  oled_i2c.o(i.I2C3_Wr)
    i.I2C3_Write_Multiple                    0x00001010   Section        0  oled_i2c.o(i.I2C3_Write_Multiple)
    i.I2C_wait_till_done                     0x00001090   Section        0  oled_i2c.o(i.I2C_wait_till_done)
    I2C_wait_till_done                       0x00001091   Thumb Code    22  oled_i2c.o(i.I2C_wait_till_done)
    i.LED_Init                               0x000010ac   Section        0  led.o(i.LED_Init)
    i.LED_Off                                0x000010e8   Section        0  led.o(i.LED_Off)
    i.LED_On                                 0x00001190   Section        0  led.o(i.LED_On)
    i.Nokia5110_Clear                        0x00001238   Section        0  nokia5110.o(i.Nokia5110_Clear)
    i.Nokia5110_ClearBuffer                  0x00001258   Section        0  nokia5110.o(i.Nokia5110_ClearBuffer)
    i.Nokia5110_DisplayBuffer                0x00001270   Section        0  nokia5110.o(i.Nokia5110_DisplayBuffer)
    i.Nokia5110_DrawFullImage                0x00001280   Section        0  nokia5110.o(i.Nokia5110_DrawFullImage)
    i.Nokia5110_Init                         0x000012a4   Section        0  nokia5110.o(i.Nokia5110_Init)
    i.Nokia5110_OutChar                      0x00001410   Section        0  nokia5110.o(i.Nokia5110_OutChar)
    i.Nokia5110_OutChar2                     0x00001450   Section        0  nokia5110.o(i.Nokia5110_OutChar2)
    i.Nokia5110_OutString                    0x000014a8   Section        0  nokia5110.o(i.Nokia5110_OutString)
    i.Nokia5110_SetCursor                    0x000014be   Section        0  nokia5110.o(i.Nokia5110_SetCursor)
    i.Nokia5110_SetCursorChar                0x000014ee   Section        0  nokia5110.o(i.Nokia5110_SetCursorChar)
    i.OLED_Clear                             0x00001556   Section        0  oled_i2c.o(i.OLED_Clear)
    i.OLED_Command                           0x00001580   Section        0  oled_i2c.o(i.OLED_Command)
    i.OLED_Init                              0x00001590   Section        0  oled_i2c.o(i.OLED_Init)
    i.OLED_PutChar                           0x0000162c   Section        0  oled_i2c.o(i.OLED_PutChar)
    i.OLED_Write_String                      0x00001664   Section        0  oled_i2c.o(i.OLED_Write_String)
    i.OLED_YX                                0x0000167a   Section        0  oled_i2c.o(i.OLED_YX)
    i.PWM_init                               0x000016a4   Section        0  pwm.o(i.PWM_init)
    i.SetCode                                0x000017b4   Section        0  texas.o(i.SetCode)
    i.SetGrade                               0x000017cc   Section        0  texas.o(i.SetGrade)
    i.TIMER0_INIT                            0x00001898   Section        0  gptm_driver.o(i.TIMER0_INIT)
    i.Timer0_Number_Mode                     0x00001900   Section        0  gptm_driver.o(i.Timer0_Number_Mode)
    i.Timer0_Number_Option                   0x00001970   Section        0  gptm_driver.o(i.Timer0_Number_Option)
    i.Timer0_Number_Ticks                    0x000019a4   Section        0  gptm_driver.o(i.Timer0_Number_Ticks)
    i.Timer5A_Handler                        0x000019f8   Section        0  texas.o(i.Timer5A_Handler)
    i.changeBoard                            0x00001ff4   Section        0  game.o(i.changeBoard)
    i.checkFour                              0x00002022   Section        0  game.o(i.checkFour)
    i.checkWin                               0x0000204e   Section        0  game.o(i.checkWin)
    i.diagonalCheck                          0x00002072   Section        0  game.o(i.diagonalCheck)
    i.horizontalCheck                        0x000020de   Section        0  game.o(i.horizontalCheck)
    i.lcdwrite                               0x00002120   Section        0  nokia5110.o(i.lcdwrite)
    lcdwrite                                 0x00002121   Thumb Code    66  nokia5110.o(i.lcdwrite)
    i.main                                   0x0000216c   Section        0  connect4.o(i.main)
    i.printBoard                             0x00002390   Section        0  game.o(i.printBoard)
    i.startingScreen                         0x000023c0   Section        0  game.o(i.startingScreen)
    i.takeTurn                               0x00002444   Section        0  game.o(i.takeTurn)
    i.verticalCheck                          0x000025bc   Section        0  game.o(i.verticalCheck)
    .constdata                               0x000025fe   Section      480  nokia5110.o(.constdata)
    ASCII                                    0x000025fe   Data         480  nokia5110.o(.constdata)
    .constdata                               0x000027de   Section      768  oled_i2c.o(.constdata)
    .constdata                               0x00002ae0   Section     5964  texas.o(.constdata)
    .conststring                             0x0000422c   Section        3  connect4.o(.conststring)
    .data                                    0x20000000   Section       16  connect4.o(.data)
    .data                                    0x20000010   Section       20  game.o(.data)
    .data                                    0x20000024   Section        4  gptm_driver.o(.data)
    .data                                    0x20000028   Section       56  texas.o(.data)
    RealGrade                                0x20000038   Data           4  texas.o(.data)
    .bss                                     0x20000060   Section       43  connect4.o(.bss)
    .bss                                     0x2000008b   Section      504  nokia5110.o(.bss)
    .bss                                     0x20000288   Section      628  texas.o(.bss)
    .bss                                     0x200004fc   Section       96  libspace.o(.bss)
    HEAP                                     0x20000560   Section        0  startup.o(HEAP)
    STACK                                    0x20000560   Section     1024  startup.o(STACK)
    HeapMem                                  0x20000560   Data           0  startup.o(HEAP)
    StackMem                                 0x20000560   Data           0  startup.o(STACK)

    Global Symbols

    Symbol Name                              Value     Ov Type        Size  Object(Section)

    BuildAttributes$$THM_ISAv4$E$P$D$K$B$S$7EM$PE$A:L22UL41UL21$X:L11$S22US41US21$IEEE1$IW$USESV6$~STKCKD$USESV7$~SHL$OTIME$ROPI$IEEEJ$EBA8$UX$STANDARDLIB$REQ8$PRES8$EABIv2 0x00000000   Number         0  anon$$obj.o ABSOLUTE
    __ARM_use_no_argv                        0x00000000   Number         0  connect4.o ABSOLUTE
    __Vectors                                0x00000000   Data           0  startup.o(RESET)
    __ARM_exceptions_init                     - Undefined Weak Reference
    __alloca_initialize                       - Undefined Weak Reference
    __cpp_initialize__aeabi_                  - Undefined Weak Reference
    __cxa_finalize                            - Undefined Weak Reference
    __sigvec_lookup                           - Undefined Weak Reference
    _atexit_init                              - Undefined Weak Reference
    _call_atexit_fns                          - Undefined Weak Reference
    _clock_init                               - Undefined Weak Reference
    _fp_trap_init                             - Undefined Weak Reference
    _fp_trap_shutdown                         - Undefined Weak Reference
    _get_lc_collate                           - Undefined Weak Reference
    _get_lc_ctype                             - Undefined Weak Reference
    _get_lc_monetary                          - Undefined Weak Reference
    _get_lc_time                              - Undefined Weak Reference
    _getenv_init                              - Undefined Weak Reference
    _handle_redirection                       - Undefined Weak Reference
    _init_alloc                               - Undefined Weak Reference
    _init_user_alloc                          - Undefined Weak Reference
    _initio                                   - Undefined Weak Reference
    _printf_post_padding                      - Undefined Weak Reference
    _printf_pre_padding                       - Undefined Weak Reference
    _printf_truncate_signed                   - Undefined Weak Reference
    _printf_truncate_unsigned                 - Undefined Weak Reference
    _rand_init                                - Undefined Weak Reference
    _signal_finish                            - Undefined Weak Reference
    _signal_init                              - Undefined Weak Reference
    _terminate_alloc                          - Undefined Weak Reference
    _terminate_user_alloc                     - Undefined Weak Reference
    _terminateio                              - Undefined Weak Reference
    Reset_Handler                            0x0000026d   Thumb Code     0  startup.o(RESET)
    NMI_Handler                              0x00000271   Thumb Code     2  startup.o(RESET)
    HardFault_Handler                        0x00000273   Thumb Code     2  startup.o(RESET)
    MemManage_Handler                        0x00000275   Thumb Code     2  startup.o(RESET)
    BusFault_Handler                         0x00000277   Thumb Code     2  startup.o(RESET)
    UsageFault_Handler                       0x00000279   Thumb Code     2  startup.o(RESET)
    SVC_Handler                              0x0000027b   Thumb Code     2  startup.o(RESET)
    DebugMon_Handler                         0x0000027d   Thumb Code     2  startup.o(RESET)
    PendSV_Handler                           0x0000027f   Thumb Code     2  startup.o(RESET)
    SysTick_Handler                          0x00000281   Thumb Code     2  startup.o(RESET)
    ADC0Seq0_Handler                         0x00000283   Thumb Code     0  startup.o(RESET)
    ADC0Seq1_Handler                         0x00000283   Thumb Code     0  startup.o(RESET)
    ADC0Seq2_Handler                         0x00000283   Thumb Code     0  startup.o(RESET)
    ADC1Seq0_Handler                         0x00000283   Thumb Code     0  startup.o(RESET)
    ADC1Seq1_Handler                         0x00000283   Thumb Code     0  startup.o(RESET)
    ADC1Seq2_Handler                         0x00000283   Thumb Code     0  startup.o(RESET)
    ADC1Seq3_Handler                         0x00000283   Thumb Code     0  startup.o(RESET)
    CAN0_Handler                             0x00000283   Thumb Code     0  startup.o(RESET)
    CAN1_Handler                             0x00000283   Thumb Code     0  startup.o(RESET)
    CAN2_Handler                             0x00000283   Thumb Code     0  startup.o(RESET)
    Comp0_Handler                            0x00000283   Thumb Code     0  startup.o(RESET)
    Comp1_Handler                            0x00000283   Thumb Code     0  startup.o(RESET)
    Comp2_Handler                            0x00000283   Thumb Code     0  startup.o(RESET)
    Ethernet_Handler                         0x00000283   Thumb Code     0  startup.o(RESET)
    ExtBus_Handler                           0x00000283   Thumb Code     0  startup.o(RESET)
    FPU_Handler                              0x00000283   Thumb Code     0  startup.o(RESET)
    Fan0_Handler                             0x00000283   Thumb Code     0  startup.o(RESET)
    FlashCtl_Handler                         0x00000283   Thumb Code     0  startup.o(RESET)
    GPIOPortA_Handler                        0x00000283   Thumb Code     0  startup.o(RESET)
    GPIOPortB_Handler                        0x00000283   Thumb Code     0  startup.o(RESET)
    GPIOPortC_Handler                        0x00000283   Thumb Code     0  startup.o(RESET)
    GPIOPortD_Handler                        0x00000283   Thumb Code     0  startup.o(RESET)
    GPIOPortE_Handler                        0x00000283   Thumb Code     0  startup.o(RESET)
    GPIOPortG_Handler                        0x00000283   Thumb Code     0  startup.o(RESET)
    GPIOPortH_Handler                        0x00000283   Thumb Code     0  startup.o(RESET)
    GPIOPortJ_Handler                        0x00000283   Thumb Code     0  startup.o(RESET)
    GPIOPortK_Handler                        0x00000283   Thumb Code     0  startup.o(RESET)
    GPIOPortL_Handler                        0x00000283   Thumb Code     0  startup.o(RESET)
    GPIOPortM_Handler                        0x00000283   Thumb Code     0  startup.o(RESET)
    GPIOPortN_Handler                        0x00000283   Thumb Code     0  startup.o(RESET)
    GPIOPortP1_Handler                       0x00000283   Thumb Code     0  startup.o(RESET)
    GPIOPortP2_Handler                       0x00000283   Thumb Code     0  startup.o(RESET)
    GPIOPortP3_Handler                       0x00000283   Thumb Code     0  startup.o(RESET)
    GPIOPortP4_Handler                       0x00000283   Thumb Code     0  startup.o(RESET)
    GPIOPortP5_Handler                       0x00000283   Thumb Code     0  startup.o(RESET)
    GPIOPortP6_Handler                       0x00000283   Thumb Code     0  startup.o(RESET)
    GPIOPortP7_Handler                       0x00000283   Thumb Code     0  startup.o(RESET)
    GPIOPortP_Handler                        0x00000283   Thumb Code     0  startup.o(RESET)
    GPIOPortQ1_Handler                       0x00000283   Thumb Code     0  startup.o(RESET)
    GPIOPortQ2_Handler                       0x00000283   Thumb Code     0  startup.o(RESET)
    GPIOPortQ3_Handler                       0x00000283   Thumb Code     0  startup.o(RESET)
    GPIOPortQ4_Handler                       0x00000283   Thumb Code     0  startup.o(RESET)
    GPIOPortQ5_Handler                       0x00000283   Thumb Code     0  startup.o(RESET)
    GPIOPortQ6_Handler                       0x00000283   Thumb Code     0  startup.o(RESET)
    GPIOPortQ7_Handler                       0x00000283   Thumb Code     0  startup.o(RESET)
    GPIOPortQ_Handler                        0x00000283   Thumb Code     0  startup.o(RESET)
    GPIOPortR_Handler                        0x00000283   Thumb Code     0  startup.o(RESET)
    GPIOPortS_Handler                        0x00000283   Thumb Code     0  startup.o(RESET)
    Hibernate_Handler                        0x00000283   Thumb Code     0  startup.o(RESET)
    I2C0_Handler                             0x00000283   Thumb Code     0  startup.o(RESET)
    I2C1_Handler                             0x00000283   Thumb Code     0  startup.o(RESET)
    I2C2_Handler                             0x00000283   Thumb Code     0  startup.o(RESET)
    I2C3_Handler                             0x00000283   Thumb Code     0  startup.o(RESET)
    I2C4_Handler                             0x00000283   Thumb Code     0  startup.o(RESET)
    I2C5_Handler                             0x00000283   Thumb Code     0  startup.o(RESET)
    I2S0_Handler                             0x00000283   Thumb Code     0  startup.o(RESET)
    LPC0_Handler                             0x00000283   Thumb Code     0  startup.o(RESET)
    PECI0_Handler                            0x00000283   Thumb Code     0  startup.o(RESET)
    PWM0Fault_Handler                        0x00000283   Thumb Code     0  startup.o(RESET)
    PWM0Generator0_Handler                   0x00000283   Thumb Code     0  startup.o(RESET)
    PWM0Generator1_Handler                   0x00000283   Thumb Code     0  startup.o(RESET)
    PWM0Generator2_Handler                   0x00000283   Thumb Code     0  startup.o(RESET)
    PWM0Generator3_Handler                   0x00000283   Thumb Code     0  startup.o(RESET)
    PWM1Fault_Handler                        0x00000283   Thumb Code     0  startup.o(RESET)
    PWM1Generator0_Handler                   0x00000283   Thumb Code     0  startup.o(RESET)
    PWM1Generator1_Handler                   0x00000283   Thumb Code     0  startup.o(RESET)
    PWM1Generator2_Handler                   0x00000283   Thumb Code     0  startup.o(RESET)
    PWM1Generator3_Handler                   0x00000283   Thumb Code     0  startup.o(RESET)
    Quadrature0_Handler                      0x00000283   Thumb Code     0  startup.o(RESET)
    Quadrature1_Handler                      0x00000283   Thumb Code     0  startup.o(RESET)
    Quadrature2_Handler                      0x00000283   Thumb Code     0  startup.o(RESET)
    SSI0_Handler                             0x00000283   Thumb Code     0  startup.o(RESET)
    SSI1_Handler                             0x00000283   Thumb Code     0  startup.o(RESET)
    SSI2_Handler                             0x00000283   Thumb Code     0  startup.o(RESET)
    SSI3_Handler                             0x00000283   Thumb Code     0  startup.o(RESET)
    SysCtl_Handler                           0x00000283   Thumb Code     0  startup.o(RESET)
    Timer0A_Handler                          0x00000283   Thumb Code     0  startup.o(RESET)
    Timer0B_Handler                          0x00000283   Thumb Code     0  startup.o(RESET)
    Timer1A_Handler                          0x00000283   Thumb Code     0  startup.o(RESET)
    Timer1B_Handler                          0x00000283   Thumb Code     0  startup.o(RESET)
    Timer2A_Handler                          0x00000283   Thumb Code     0  startup.o(RESET)
    Timer2B_Handler                          0x00000283   Thumb Code     0  startup.o(RESET)
    Timer3A_Handler                          0x00000283   Thumb Code     0  startup.o(RESET)
    Timer3B_Handler                          0x00000283   Thumb Code     0  startup.o(RESET)
    Timer4A_Handler                          0x00000283   Thumb Code     0  startup.o(RESET)
    Timer4B_Handler                          0x00000283   Thumb Code     0  startup.o(RESET)
    Timer5B_Handler                          0x00000283   Thumb Code     0  startup.o(RESET)
    UART0_Handler                            0x00000283   Thumb Code     0  startup.o(RESET)
    UART1_Handler                            0x00000283   Thumb Code     0  startup.o(RESET)
    UART2_Handler                            0x00000283   Thumb Code     0  startup.o(RESET)
    UART3_Handler                            0x00000283   Thumb Code     0  startup.o(RESET)
    UART4_Handler                            0x00000283   Thumb Code     0  startup.o(RESET)
    UART5_Handler                            0x00000283   Thumb Code     0  startup.o(RESET)
    UART6_Handler                            0x00000283   Thumb Code     0  startup.o(RESET)
    UART7_Handler                            0x00000283   Thumb Code     0  startup.o(RESET)
    USB0_Handler                             0x00000283   Thumb Code     0  startup.o(RESET)
    WDT_Handler                              0x00000283   Thumb Code     0  startup.o(RESET)
    WideTimer0A_Handler                      0x00000283   Thumb Code     0  startup.o(RESET)
    WideTimer0B_Handler                      0x00000283   Thumb Code     0  startup.o(RESET)
    WideTimer1A_Handler                      0x00000283   Thumb Code     0  startup.o(RESET)
    WideTimer1B_Handler                      0x00000283   Thumb Code     0  startup.o(RESET)
    WideTimer2A_Handler                      0x00000283   Thumb Code     0  startup.o(RESET)
    WideTimer2B_Handler                      0x00000283   Thumb Code     0  startup.o(RESET)
    WideTimer3A_Handler                      0x00000283   Thumb Code     0  startup.o(RESET)
    WideTimer3B_Handler                      0x00000283   Thumb Code     0  startup.o(RESET)
    WideTimer4A_Handler                      0x00000283   Thumb Code     0  startup.o(RESET)
    WideTimer4B_Handler                      0x00000283   Thumb Code     0  startup.o(RESET)
    WideTimer5A_Handler                      0x00000283   Thumb Code     0  startup.o(RESET)
    WideTimer5B_Handler                      0x00000283   Thumb Code     0  startup.o(RESET)
    uDMA_Error                               0x00000283   Thumb Code     0  startup.o(RESET)
    uDMA_Handler                             0x00000283   Thumb Code     0  startup.o(RESET)
    __main                                   0x00000285   Thumb Code     8  __main.o(!!!main)
    __scatterload                            0x0000028d   Thumb Code     0  __scatter.o(!!!scatter)
    __scatterload_rt2                        0x0000028d   Thumb Code    44  __scatter.o(!!!scatter)
    __scatterload_rt2_thumb_only             0x0000028d   Thumb Code     0  __scatter.o(!!!scatter)
    __scatterload_null                       0x0000029b   Thumb Code     0  __scatter.o(!!!scatter)
    __scatterload_copy                       0x000002c1   Thumb Code    26  __scatter_copy.o(!!handler_copy)
    __scatterload_zeroinit                   0x000002dd   Thumb Code    28  __scatter_zi.o(!!handler_zi)
    __rt_lib_init                            0x000002f9   Thumb Code     0  libinit.o(.ARM.Collect$$libinit$$00000000)
    __rt_lib_init_alloca_1                   0x000002fb   Thumb Code     0  libinit2.o(.ARM.Collect$$libinit$$0000002C)
    __rt_lib_init_argv_1                     0x000002fb   Thumb Code     0  libinit2.o(.ARM.Collect$$libinit$$0000002A)
    __rt_lib_init_atexit_1                   0x000002fb   Thumb Code     0  libinit2.o(.ARM.Collect$$libinit$$00000019)
    __rt_lib_init_clock_1                    0x000002fb   Thumb Code     0  libinit2.o(.ARM.Collect$$libinit$$0000001F)
    __rt_lib_init_cpp_1                      0x000002fb   Thumb Code     0  libinit2.o(.ARM.Collect$$libinit$$00000030)
    __rt_lib_init_exceptions_1               0x000002fb   Thumb Code     0  libinit2.o(.ARM.Collect$$libinit$$0000002E)
    __rt_lib_init_fp_1                       0x000002fb   Thumb Code     0  libinit2.o(.ARM.Collect$$libinit$$00000002)
    __rt_lib_init_fp_trap_1                  0x000002fb   Thumb Code     0  libinit2.o(.ARM.Collect$$libinit$$0000001D)
    __rt_lib_init_getenv_1                   0x000002fb   Thumb Code     0  libinit2.o(.ARM.Collect$$libinit$$00000021)
    __rt_lib_init_heap_1                     0x000002fb   Thumb Code     0  libinit2.o(.ARM.Collect$$libinit$$00000008)
    __rt_lib_init_lc_collate_1               0x000002fb   Thumb Code     0  libinit2.o(.ARM.Collect$$libinit$$0000000F)
    __rt_lib_init_lc_ctype_1                 0x000002fb   Thumb Code     0  libinit2.o(.ARM.Collect$$libinit$$00000011)
    __rt_lib_init_lc_monetary_1              0x000002fb   Thumb Code     0  libinit2.o(.ARM.Collect$$libinit$$00000013)
    __rt_lib_init_lc_numeric_1               0x000002fb   Thumb Code     0  libinit2.o(.ARM.Collect$$libinit$$00000015)
    __rt_lib_init_lc_time_1                  0x000002fb   Thumb Code     0  libinit2.o(.ARM.Collect$$libinit$$00000017)
    __rt_lib_init_rand_1                     0x000002fb   Thumb Code     0  libinit2.o(.ARM.Collect$$libinit$$0000000C)
    __rt_lib_init_return                     0x000002fb   Thumb Code     0  libinit2.o(.ARM.Collect$$libinit$$00000031)
    __rt_lib_init_signal_1                   0x000002fb   Thumb Code     0  libinit2.o(.ARM.Collect$$libinit$$0000001B)
    __rt_lib_init_stdio_1                    0x000002fb   Thumb Code     0  libinit2.o(.ARM.Collect$$libinit$$00000023)
    __rt_lib_init_user_alloc_1               0x000002fb   Thumb Code     0  libinit2.o(.ARM.Collect$$libinit$$0000000A)
    __rt_lib_shutdown                        0x000002fd   Thumb Code     0  libshutdown.o(.ARM.Collect$$libshutdown$$00000000)
    __rt_lib_shutdown_fp_trap_1              0x000002ff   Thumb Code     0  libshutdown2.o(.ARM.Collect$$libshutdown$$00000006)
    __rt_lib_shutdown_heap_1                 0x000002ff   Thumb Code     0  libshutdown2.o(.ARM.Collect$$libshutdown$$0000000E)
    __rt_lib_shutdown_return                 0x000002ff   Thumb Code     0  libshutdown2.o(.ARM.Collect$$libshutdown$$0000000F)
    __rt_lib_shutdown_signal_1               0x000002ff   Thumb Code     0  libshutdown2.o(.ARM.Collect$$libshutdown$$00000009)
    __rt_lib_shutdown_stdio_1                0x000002ff   Thumb Code     0  libshutdown2.o(.ARM.Collect$$libshutdown$$00000003)
    __rt_lib_shutdown_user_alloc_1           0x000002ff   Thumb Code     0  libshutdown2.o(.ARM.Collect$$libshutdown$$0000000B)
    __rt_entry                               0x00000301   Thumb Code     0  rtentry.o(.ARM.Collect$$rtentry$$00000000)
    __rt_entry_presh_1                       0x00000301   Thumb Code     0  rtentry2.o(.ARM.Collect$$rtentry$$00000002)
    __rt_entry_sh                            0x00000301   Thumb Code     0  rtentry4.o(.ARM.Collect$$rtentry$$00000004)
    __rt_entry_li                            0x00000307   Thumb Code     0  rtentry2.o(.ARM.Collect$$rtentry$$0000000A)
    __rt_entry_postsh_1                      0x00000307   Thumb Code     0  rtentry2.o(.ARM.Collect$$rtentry$$00000009)
    __rt_entry_main                          0x0000030b   Thumb Code     0  rtentry2.o(.ARM.Collect$$rtentry$$0000000D)
    __rt_entry_postli_1                      0x0000030b   Thumb Code     0  rtentry2.o(.ARM.Collect$$rtentry$$0000000C)
    __rt_exit                                0x00000313   Thumb Code     0  rtexit.o(.ARM.Collect$$rtexit$$00000000)
    __rt_exit_ls                             0x00000315   Thumb Code     0  rtexit2.o(.ARM.Collect$$rtexit$$00000003)
    __rt_exit_prels_1                        0x00000315   Thumb Code     0  rtexit2.o(.ARM.Collect$$rtexit$$00000002)
    __rt_exit_exit                           0x00000319   Thumb Code     0  rtexit2.o(.ARM.Collect$$rtexit$$00000004)
    DisableInterrupts                        0x00000321   Thumb Code     0  startup.o(.text)
    EnableInterrupts                         0x00000325   Thumb Code     0  startup.o(.text)
    StartCritical                            0x00000329   Thumb Code     0  startup.o(.text)
    EndCritical                              0x00000331   Thumb Code     0  startup.o(.text)
    WaitForInterrupt                         0x00000337   Thumb Code     0  startup.o(.text)
    __user_initial_stackheap                 0x0000033b   Thumb Code     0  startup.o(.text)
    __aeabi_memmove                          0x00000351   Thumb Code     0  rt_memmove_v6.o(.text)
    __rt_memmove                             0x00000351   Thumb Code   132  rt_memmove_v6.o(.text)
    __memmove_lastfew                        0x000003b1   Thumb Code     0  rt_memmove_v6.o(.text)
    strcmp                                   0x000003d5   Thumb Code   128  strcmpv7m.o(.text)
    __use_two_region_memory                  0x00000455   Thumb Code     2  heapauxi.o(.text)
    __rt_heap_escrow$2region                 0x00000457   Thumb Code     2  heapauxi.o(.text)
    __rt_heap_expand$2region                 0x00000459   Thumb Code     2  heapauxi.o(.text)
    __aeabi_memcpy                           0x0000045b   Thumb Code     0  rt_memcpy_v6.o(.text)
    __rt_memcpy                              0x0000045b   Thumb Code   138  rt_memcpy_v6.o(.text)
    _memcpy_lastbytes                        0x000004c1   Thumb Code     0  rt_memcpy_v6.o(.text)
    __aeabi_memmove4                         0x000004e5   Thumb Code     0  rt_memmove_w.o(.text)
    __aeabi_memmove8                         0x000004e5   Thumb Code     0  rt_memmove_w.o(.text)
    __rt_memmove_w                           0x000004e5   Thumb Code   122  rt_memmove_w.o(.text)
    __memmove_aligned                        0x0000050b   Thumb Code     0  rt_memmove_w.o(.text)
    __memmove_lastfew_aligned                0x00000543   Thumb Code     0  rt_memmove_w.o(.text)
    __aeabi_memcpy4                          0x0000055f   Thumb Code     0  rt_memcpy_w.o(.text)
    __aeabi_memcpy8                          0x0000055f   Thumb Code     0  rt_memcpy_w.o(.text)
    __rt_memcpy_w                            0x0000055f   Thumb Code   100  rt_memcpy_w.o(.text)
    _memcpy_lastbytes_aligned                0x000005a7   Thumb Code     0  rt_memcpy_w.o(.text)
    __user_libspace                          0x000005c5   Thumb Code     8  libspace.o(.text)
    __user_perproc_libspace                  0x000005c5   Thumb Code     0  libspace.o(.text)
    __user_perthread_libspace                0x000005c5   Thumb Code     0  libspace.o(.text)
    __user_setup_stackheap                   0x000005cd   Thumb Code    74  sys_stackheap_outer.o(.text)
    exit                                     0x00000617   Thumb Code    12  exit.o(.text)
    _sys_exit                                0x00000625   Thumb Code     8  sys_exit.o(.text)
    __I$use$semihosting                      0x00000631   Thumb Code     0  use_no_semi.o(.text)
    __use_no_semihosting_swi                 0x00000631   Thumb Code     2  use_no_semi.o(.text)
    __semihosting_library_function           0x00000633   Thumb Code     0  indicate_semi.o(.text)
    ADC0Seq3_Handler                         0x00000635   Thumb Code    28  connect4.o(i.ADC0Seq3_Handler)
    ADC1_In                                  0x0000065d   Thumb Code     6  texas.o(i.ADC1_In)
    Adc_init                                 0x00000669   Thumb Code   156  adc.o(i.Adc_init)
    Encrypt                                  0x00000711   Thumb Code    92  texas.o(i.Encrypt)
    GPIOPortF_Handler                        0x0000077d   Thumb Code    74  connect4.o(i.GPIOPortF_Handler)
    GPIO_AllowChanges                        0x000007e5   Thumb Code    56  gpio.o(i.GPIO_AllowChanges)
    GPIO_ClearInterruptFlags                 0x00000835   Thumb Code    50  gpio.o(i.GPIO_ClearInterruptFlags)
    GPIO_ClearPinControl                     0x00000881   Thumb Code    60  gpio.o(i.GPIO_ClearPinControl)
    GPIO_DisableAlternateFunction            0x000008d5   Thumb Code    60  gpio.o(i.GPIO_DisableAlternateFunction)
    GPIO_DisableDigital                      0x00000929   Thumb Code    60  gpio.o(i.GPIO_DisableDigital)
    GPIO_EnableAlternateFunction             0x0000097d   Thumb Code    60  gpio.o(i.GPIO_EnableAlternateFunction)
    GPIO_EnableDigital                       0x000009d1   Thumb Code    60  gpio.o(i.GPIO_EnableDigital)
    GPIO_EnableInterrupt                     0x00000a25   Thumb Code    54  gpio.o(i.GPIO_EnableInterrupt)
    GPIO_EnableInterruptInNVIC               0x00000a75   Thumb Code    18  gpio.o(i.GPIO_EnableInterruptInNVIC)
    GPIO_EnablePortClock                     0x00000a8d   Thumb Code    92  gpio.o(i.GPIO_EnablePortClock)
    GPIO_EnablePullUp                        0x00000af1   Thumb Code    60  gpio.o(i.GPIO_EnablePullUp)
    GPIO_Init                                0x00000b45   Thumb Code   224  gpio.o(i.GPIO_Init)
    GPIO_SetAnalogFunction                   0x00000c25   Thumb Code    56  gpio.o(i.GPIO_SetAnalogFunction)
    GPIO_SetInterruptBothEdges               0x00000c75   Thumb Code    68  gpio.o(i.GPIO_SetInterruptBothEdges)
    GPIO_SetInterruptEvent                   0x00000cd1   Thumb Code    68  gpio.o(i.GPIO_SetInterruptEvent)
    GPIO_SetInterruptPriority                0x00000d2d   Thumb Code    18  gpio.o(i.GPIO_SetInterruptPriority)
    GPIO_SetInterruptSense                   0x00000d45   Thumb Code    68  gpio.o(i.GPIO_SetInterruptSense)
    GPIO_SetPinControl                       0x00000da1   Thumb Code    56  gpio.o(i.GPIO_SetPinControl)
    GPIO_SetPinDirection                     0x00000df1   Thumb Code   142  gpio.o(i.GPIO_SetPinDirection)
    GPIO_UnlockPort                          0x00000e99   Thumb Code    68  gpio.o(i.GPIO_UnlockPort)
    GPTM0_Delay_Unit                         0x00000ef9   Thumb Code    70  gptm_driver.o(i.GPTM0_Delay_Unit)
    I2C3_Init                                0x00000f49   Thumb Code   100  oled_i2c.o(i.I2C3_Init)
    I2C3_Wr                                  0x00000fb9   Thumb Code    84  oled_i2c.o(i.I2C3_Wr)
    I2C3_Write_Multiple                      0x00001011   Thumb Code   124  oled_i2c.o(i.I2C3_Write_Multiple)
    LED_Init                                 0x000010ad   Thumb Code    60  led.o(i.LED_Init)
    LED_Off                                  0x000010e9   Thumb Code   124  led.o(i.LED_Off)
    LED_On                                   0x00001191   Thumb Code   124  led.o(i.LED_On)
    Nokia5110_Clear                          0x00001239   Thumb Code    32  nokia5110.o(i.Nokia5110_Clear)
    Nokia5110_ClearBuffer                    0x00001259   Thumb Code    20  nokia5110.o(i.Nokia5110_ClearBuffer)
    Nokia5110_DisplayBuffer                  0x00001271   Thumb Code    10  nokia5110.o(i.Nokia5110_DisplayBuffer)
    Nokia5110_DrawFullImage                  0x00001281   Thumb Code    34  nokia5110.o(i.Nokia5110_DrawFullImage)
    Nokia5110_Init                           0x000012a5   Thumb Code   316  nokia5110.o(i.Nokia5110_Init)
    Nokia5110_OutChar                        0x00001411   Thumb Code    60  nokia5110.o(i.Nokia5110_OutChar)
    Nokia5110_OutChar2                       0x00001451   Thumb Code    80  nokia5110.o(i.Nokia5110_OutChar2)
    Nokia5110_OutString                      0x000014a9   Thumb Code    22  nokia5110.o(i.Nokia5110_OutString)
    Nokia5110_SetCursor                      0x000014bf   Thumb Code    48  nokia5110.o(i.Nokia5110_SetCursor)
    Nokia5110_SetCursorChar                  0x000014ef   Thumb Code   104  nokia5110.o(i.Nokia5110_SetCursorChar)
    OLED_Clear                               0x00001557   Thumb Code    42  oled_i2c.o(i.OLED_Clear)
    OLED_Command                             0x00001581   Thumb Code    16  oled_i2c.o(i.OLED_Command)
    OLED_Init                                0x00001591   Thumb Code   154  oled_i2c.o(i.OLED_Init)
    OLED_PutChar                             0x0000162d   Thumb Code    50  oled_i2c.o(i.OLED_PutChar)
    OLED_Write_String                        0x00001665   Thumb Code    22  oled_i2c.o(i.OLED_Write_String)
    OLED_YX                                  0x0000167b   Thumb Code    40  oled_i2c.o(i.OLED_YX)
    PWM_init                                 0x000016a5   Thumb Code   244  pwm.o(i.PWM_init)
    SetCode                                  0x000017b5   Thumb Code    20  texas.o(i.SetCode)
    SetGrade                                 0x000017cd   Thumb Code   196  texas.o(i.SetGrade)
    TIMER0_INIT                              0x00001899   Thumb Code    92  gptm_driver.o(i.TIMER0_INIT)
    Timer0_Number_Mode                       0x00001901   Thumb Code    76  gptm_driver.o(i.Timer0_Number_Mode)
    Timer0_Number_Option                     0x00001971   Thumb Code    40  gptm_driver.o(i.Timer0_Number_Option)
    Timer0_Number_Ticks                      0x000019a5   Thumb Code    74  gptm_driver.o(i.Timer0_Number_Ticks)
    Timer5A_Handler                          0x000019f9   Thumb Code  1510  texas.o(i.Timer5A_Handler)
    changeBoard                              0x00001ff5   Thumb Code    46  game.o(i.changeBoard)
    checkFour                                0x00002023   Thumb Code    44  game.o(i.checkFour)
    checkWin                                 0x0000204f   Thumb Code    36  game.o(i.checkWin)
    diagonalCheck                            0x00002073   Thumb Code   108  game.o(i.diagonalCheck)
    horizontalCheck                          0x000020df   Thumb Code    64  game.o(i.horizontalCheck)
    main                                     0x0000216d   Thumb Code   458  connect4.o(i.main)
    printBoard                               0x00002391   Thumb Code    46  game.o(i.printBoard)
    startingScreen                           0x000023c1   Thumb Code    80  game.o(i.startingScreen)
    takeTurn                                 0x00002445   Thumb Code   342  game.o(i.takeTurn)
    verticalCheck                            0x000025bd   Thumb Code    66  game.o(i.verticalCheck)
    OledFont                                 0x000027de   Data         768  oled_i2c.o(.constdata)
    Port                                     0x00002ae0   Data          24  texas.o(.constdata)
    InputPortMsg                             0x00002af8   Data          40  texas.o(.constdata)
    OutputPortMsg                            0x00002b20   Data          40  texas.o(.constdata)
    BlankMsg                                 0x00002b48   Data          40  texas.o(.constdata)
    InitializedMsg                           0x00002b70   Data          40  texas.o(.constdata)
    IntroMsg                                 0x00002b98   Data          40  texas.o(.constdata)
    DoneMsg                                  0x00002bc0   Data          40  texas.o(.constdata)
    TestMsg                                  0x00002be8   Data          40  texas.o(.constdata)
    LabTest                                  0x00002c10   Data        5428  texas.o(.constdata)
    BgTest                                   0x00004144   Data         160  texas.o(.constdata)
    Key                                      0x000041e4   Data           8  texas.o(.constdata)
    Scramble                                 0x000041ec   Data          32  texas.o(.constdata)
    DeScramble                               0x0000420c   Data          32  texas.o(.constdata)
    Region$$Table$$Base                      0x00004230   Number         0  anon$$obj.o(Region$$Table)
    Region$$Table$$Limit                     0x00004250   Number         0  anon$$obj.o(Region$$Table)
    i                                        0x20000000   Data           4  connect4.o(.data)
    turn                                     0x20000004   Data           4  connect4.o(.data)
    done                                     0x20000008   Data           4  connect4.o(.data)
    PIECES                                   0x2000000c   Data           4  connect4.o(.data)
    col                                      0x20000010   Data           4  game.o(.data)
    sw1_pressed                              0x20000014   Data           4  game.o(.data)
    sw2_pressed                              0x20000018   Data           4  game.o(.data)
    adc_val                                  0x2000001c   Data           4  game.o(.data)
    g                                        0x20000020   Data           4  game.o(.data)
    k                                        0x20000024   Data           4  gptm_driver.o(.data)
    InPort                                   0x20000028   Data           4  texas.o(.data)
    OutPort                                  0x2000002c   Data           4  texas.o(.data)
    BgTestStatus                             0x20000030   Data           1  texas.o(.data)
    TExaS_Period                             0x20000034   Data           4  texas.o(.data)
    TExaS_Ports                              0x2000003c   Data           8  texas.o(.data)
    TExaS_Meter                              0x20000044   Data           4  texas.o(.data)
    ADCnum                                   0x20000048   Data           4  texas.o(.data)
    LastMode                                 0x2000004c   Data           4  texas.o(.data)
    bFlag                                    0x20000050   Data           4  texas.o(.data)
    Count                                    0x20000054   Data           4  texas.o(.data)
    DelayBetweenTests                        0x20000058   Data           4  texas.o(.data)
    TExaS_Test                               0x2000005c   Data           4  texas.o(.data)
    board1                                   0x20000060   Data          43  connect4.o(.bss)
    Screen                                   0x2000008b   Data         504  nokia5110.o(.bss)
    TExaS                                    0x20000288   Data          56  texas.o(.bss)
    TExaS_ADC                                0x200002c0   Data         512  texas.o(.bss)
    MagicCode                                0x200004c0   Data          10  texas.o(.bss)
    EncriptedMagicCode                       0x200004ca   Data          10  texas.o(.bss)
    StudentID                                0x200004d4   Data          40  texas.o(.bss)
    __libspace_start                         0x200004fc   Data          96  libspace.o(.bss)
    __temporary_stack_top$libspace           0x2000055c   Data           0  libspace.o(.bss)



==============================================================================

Memory Map of the image

  Image Entry point : 0x0000026d

  Load Region LR_1 (Base: 0x00000000, Size: 0x000042b0, Max: 0xffffffff, ABSOLUTE)

    Execution Region ER_RO (Base: 0x00000000, Size: 0x00004250, Max: 0xffffffff, ABSOLUTE)

    Base Addr    Size         Type   Attr      Idx    E Section Name        Object

    0x00000000   0x00000284   Code   RO            3  * RESET               startup.o
    0x00000284   0x00000008   Code   RO         1497  * !!!main             c_w.l(__main.o)
    0x0000028c   0x00000034   Code   RO         1718    !!!scatter          c_w.l(__scatter.o)
    0x000002c0   0x0000001a   Code   RO         1720    !!handler_copy      c_w.l(__scatter_copy.o)
    0x000002da   0x00000002   PAD
    0x000002dc   0x0000001c   Code   RO         1722    !!handler_zi        c_w.l(__scatter_zi.o)
    0x000002f8   0x00000002   Code   RO         1594    .ARM.Collect$$libinit$$00000000  c_w.l(libinit.o)
    0x000002fa   0x00000000   Code   RO         1596    .ARM.Collect$$libinit$$00000002  c_w.l(libinit2.o)
    0x000002fa   0x00000000   Code   RO         1599    .ARM.Collect$$libinit$$00000008  c_w.l(libinit2.o)
    0x000002fa   0x00000000   Code   RO         1601    .ARM.Collect$$libinit$$0000000A  c_w.l(libinit2.o)
    0x000002fa   0x00000000   Code   RO         1603    .ARM.Collect$$libinit$$0000000C  c_w.l(libinit2.o)
    0x000002fa   0x00000000   Code   RO         1606    .ARM.Collect$$libinit$$0000000F  c_w.l(libinit2.o)
    0x000002fa   0x00000000   Code   RO         1608    .ARM.Collect$$libinit$$00000011  c_w.l(libinit2.o)
    0x000002fa   0x00000000   Code   RO         1610    .ARM.Collect$$libinit$$00000013  c_w.l(libinit2.o)
    0x000002fa   0x00000000   Code   RO         1612    .ARM.Collect$$libinit$$00000015  c_w.l(libinit2.o)
    0x000002fa   0x00000000   Code   RO         1614    .ARM.Collect$$libinit$$00000017  c_w.l(libinit2.o)
    0x000002fa   0x00000000   Code   RO         1616    .ARM.Collect$$libinit$$00000019  c_w.l(libinit2.o)
    0x000002fa   0x00000000   Code   RO         1618    .ARM.Collect$$libinit$$0000001B  c_w.l(libinit2.o)
    0x000002fa   0x00000000   Code   RO         1620    .ARM.Collect$$libinit$$0000001D  c_w.l(libinit2.o)
    0x000002fa   0x00000000   Code   RO         1622    .ARM.Collect$$libinit$$0000001F  c_w.l(libinit2.o)
    0x000002fa   0x00000000   Code   RO         1624    .ARM.Collect$$libinit$$00000021  c_w.l(libinit2.o)
    0x000002fa   0x00000000   Code   RO         1626    .ARM.Collect$$libinit$$00000023  c_w.l(libinit2.o)
    0x000002fa   0x00000000   Code   RO         1630    .ARM.Collect$$libinit$$0000002A  c_w.l(libinit2.o)
    0x000002fa   0x00000000   Code   RO         1632    .ARM.Collect$$libinit$$0000002C  c_w.l(libinit2.o)
    0x000002fa   0x00000000   Code   RO         1634    .ARM.Collect$$libinit$$0000002E  c_w.l(libinit2.o)
    0x000002fa   0x00000000   Code   RO         1636    .ARM.Collect$$libinit$$00000030  c_w.l(libinit2.o)
    0x000002fa   0x00000002   Code   RO         1637    .ARM.Collect$$libinit$$00000031  c_w.l(libinit2.o)
    0x000002fc   0x00000002   Code   RO         1667    .ARM.Collect$$libshutdown$$00000000  c_w.l(libshutdown.o)
    0x000002fe   0x00000000   Code   RO         1679    .ARM.Collect$$libshutdown$$00000003  c_w.l(libshutdown2.o)
    0x000002fe   0x00000000   Code   RO         1682    .ARM.Collect$$libshutdown$$00000006  c_w.l(libshutdown2.o)
    0x000002fe   0x00000000   Code   RO         1685    .ARM.Collect$$libshutdown$$00000009  c_w.l(libshutdown2.o)
    0x000002fe   0x00000000   Code   RO         1687    .ARM.Collect$$libshutdown$$0000000B  c_w.l(libshutdown2.o)
    0x000002fe   0x00000000   Code   RO         1690    .ARM.Collect$$libshutdown$$0000000E  c_w.l(libshutdown2.o)
    0x000002fe   0x00000002   Code   RO         1691    .ARM.Collect$$libshutdown$$0000000F  c_w.l(libshutdown2.o)
    0x00000300   0x00000000   Code   RO         1503    .ARM.Collect$$rtentry$$00000000  c_w.l(rtentry.o)
    0x00000300   0x00000000   Code   RO         1523    .ARM.Collect$$rtentry$$00000002  c_w.l(rtentry2.o)
    0x00000300   0x00000006   Code   RO         1535    .ARM.Collect$$rtentry$$00000004  c_w.l(rtentry4.o)
    0x00000306   0x00000000   Code   RO         1525    .ARM.Collect$$rtentry$$00000009  c_w.l(rtentry2.o)
    0x00000306   0x00000004   Code   RO         1526    .ARM.Collect$$rtentry$$0000000A  c_w.l(rtentry2.o)
    0x0000030a   0x00000000   Code   RO         1528    .ARM.Collect$$rtentry$$0000000C  c_w.l(rtentry2.o)
    0x0000030a   0x00000008   Code   RO         1529    .ARM.Collect$$rtentry$$0000000D  c_w.l(rtentry2.o)
    0x00000312   0x00000002   Code   RO         1638    .ARM.Collect$$rtexit$$00000000  c_w.l(rtexit.o)
    0x00000314   0x00000000   Code   RO         1645    .ARM.Collect$$rtexit$$00000002  c_w.l(rtexit2.o)
    0x00000314   0x00000004   Code   RO         1646    .ARM.Collect$$rtexit$$00000003  c_w.l(rtexit2.o)
    0x00000318   0x00000006   Code   RO         1647    .ARM.Collect$$rtexit$$00000004  c_w.l(rtexit2.o)
    0x0000031e   0x00000002   PAD
    0x00000320   0x00000030   Code   RO            4    .text               startup.o
    0x00000350   0x00000084   Code   RO         1491    .text               c_w.l(rt_memmove_v6.o)
    0x000003d4   0x00000080   Code   RO         1493    .text               c_w.l(strcmpv7m.o)
    0x00000454   0x00000006   Code   RO         1495    .text               c_w.l(heapauxi.o)
    0x0000045a   0x0000008a   Code   RO         1513    .text               c_w.l(rt_memcpy_v6.o)
    0x000004e4   0x0000007a   Code   RO         1515    .text               c_w.l(rt_memmove_w.o)
    0x0000055e   0x00000064   Code   RO         1576    .text               c_w.l(rt_memcpy_w.o)
    0x000005c2   0x00000002   PAD
    0x000005c4   0x00000008   Code   RO         1582    .text               c_w.l(libspace.o)
    0x000005cc   0x0000004a   Code   RO         1585    .text               c_w.l(sys_stackheap_outer.o)
    0x00000616   0x0000000c   Code   RO         1587    .text               c_w.l(exit.o)
    0x00000622   0x00000002   PAD
    0x00000624   0x0000000c   Code   RO         1657    .text               c_w.l(sys_exit.o)
    0x00000630   0x00000002   Code   RO         1668    .text               c_w.l(use_no_semi.o)
    0x00000632   0x00000000   Code   RO         1670    .text               c_w.l(indicate_semi.o)
    0x00000632   0x00000002   PAD
    0x00000634   0x00000028   Code   RO           20    i.ADC0Seq3_Handler  connect4.o
    0x0000065c   0x0000000c   Code   RO         1362    i.ADC1_In           texas.o
    0x00000668   0x000000a8   Code   RO          408    i.Adc_init          adc.o
    0x00000710   0x0000006c   Code   RO         1365    i.Encrypt           texas.o
    0x0000077c   0x00000068   Code   RO           21    i.GPIOPortF_Handler  connect4.o
    0x000007e4   0x00000050   Code   RO          171    i.GPIO_AllowChanges  gpio.o
    0x00000834   0x0000004c   Code   RO          172    i.GPIO_ClearInterruptFlags  gpio.o
    0x00000880   0x00000054   Code   RO          173    i.GPIO_ClearPinControl  gpio.o
    0x000008d4   0x00000054   Code   RO          174    i.GPIO_DisableAlternateFunction  gpio.o
    0x00000928   0x00000054   Code   RO          175    i.GPIO_DisableDigital  gpio.o
    0x0000097c   0x00000054   Code   RO          176    i.GPIO_EnableAlternateFunction  gpio.o
    0x000009d0   0x00000054   Code   RO          177    i.GPIO_EnableDigital  gpio.o
    0x00000a24   0x00000050   Code   RO          178    i.GPIO_EnableInterrupt  gpio.o
    0x00000a74   0x00000018   Code   RO          179    i.GPIO_EnableInterruptInNVIC  gpio.o
    0x00000a8c   0x00000064   Code   RO          180    i.GPIO_EnablePortClock  gpio.o
    0x00000af0   0x00000054   Code   RO          181    i.GPIO_EnablePullUp  gpio.o
    0x00000b44   0x000000e0   Code   RO          182    i.GPIO_Init         gpio.o
    0x00000c24   0x00000050   Code   RO          183    i.GPIO_SetAnalogFunction  gpio.o
    0x00000c74   0x0000005c   Code   RO          184    i.GPIO_SetInterruptBothEdges  gpio.o
    0x00000cd0   0x0000005c   Code   RO          185    i.GPIO_SetInterruptEvent  gpio.o
    0x00000d2c   0x00000018   Code   RO          186    i.GPIO_SetInterruptPriority  gpio.o
    0x00000d44   0x0000005c   Code   RO          187    i.GPIO_SetInterruptSense  gpio.o
    0x00000da0   0x00000050   Code   RO          188    i.GPIO_SetPinControl  gpio.o
    0x00000df0   0x000000a8   Code   RO          189    i.GPIO_SetPinDirection  gpio.o
    0x00000e98   0x00000060   Code   RO          190    i.GPIO_UnlockPort   gpio.o
    0x00000ef8   0x00000050   Code   RO          432    i.GPTM0_Delay_Unit  gptm_driver.o
    0x00000f48   0x00000070   Code   RO          478    i.I2C3_Init         oled_i2c.o
    0x00000fb8   0x00000058   Code   RO          479    i.I2C3_Wr           oled_i2c.o
    0x00001010   0x00000080   Code   RO          480    i.I2C3_Write_Multiple  oled_i2c.o
    0x00001090   0x0000001c   Code   RO          481    i.I2C_wait_till_done  oled_i2c.o
    0x000010ac   0x0000003c   Code   RO          297    i.LED_Init          led.o
    0x000010e8   0x000000a8   Code   RO          298    i.LED_Off           led.o
    0x00001190   0x000000a8   Code   RO          299    i.LED_On            led.o
    0x00001238   0x00000020   Code   RO          321    i.Nokia5110_Clear   nokia5110.o
    0x00001258   0x00000018   Code   RO          322    i.Nokia5110_ClearBuffer  nokia5110.o
    0x00001270   0x00000010   Code   RO          323    i.Nokia5110_DisplayBuffer  nokia5110.o
    0x00001280   0x00000022   Code   RO          324    i.Nokia5110_DrawFullImage  nokia5110.o
    0x000012a2   0x00000002   PAD
    0x000012a4   0x0000016c   Code   RO          325    i.Nokia5110_Init    nokia5110.o
    0x00001410   0x00000040   Code   RO          326    i.Nokia5110_OutChar  nokia5110.o
    0x00001450   0x00000058   Code   RO          327    i.Nokia5110_OutChar2  nokia5110.o
    0x000014a8   0x00000016   Code   RO          328    i.Nokia5110_OutString  nokia5110.o
    0x000014be   0x00000030   Code   RO          331    i.Nokia5110_SetCursor  nokia5110.o
    0x000014ee   0x00000068   Code   RO          332    i.Nokia5110_SetCursorChar  nokia5110.o
    0x00001556   0x0000002a   Code   RO          482    i.OLED_Clear        oled_i2c.o
    0x00001580   0x00000010   Code   RO          483    i.OLED_Command      oled_i2c.o
    0x00001590   0x0000009a   Code   RO          485    i.OLED_Init         oled_i2c.o
    0x0000162a   0x00000002   PAD
    0x0000162c   0x00000038   Code   RO          486    i.OLED_PutChar      oled_i2c.o
    0x00001664   0x00000016   Code   RO          489    i.OLED_Write_String  oled_i2c.o
    0x0000167a   0x00000028   Code   RO          490    i.OLED_YX           oled_i2c.o
    0x000016a2   0x00000002   PAD
    0x000016a4   0x00000110   Code   RO          420    i.PWM_init          pwm.o
    0x000017b4   0x00000018   Code   RO         1368    i.SetCode           texas.o
    0x000017cc   0x000000cc   Code   RO         1370    i.SetGrade          texas.o
    0x00001898   0x00000068   Code   RO          433    i.TIMER0_INIT       gptm_driver.o
    0x00001900   0x00000070   Code   RO          434    i.Timer0_Number_Mode  gptm_driver.o
    0x00001970   0x00000034   Code   RO          435    i.Timer0_Number_Option  gptm_driver.o
    0x000019a4   0x00000054   Code   RO          436    i.Timer0_Number_Ticks  gptm_driver.o
    0x000019f8   0x000005fc   Code   RO         1374    i.Timer5A_Handler   texas.o
    0x00001ff4   0x0000002e   Code   RO           98    i.changeBoard       game.o
    0x00002022   0x0000002c   Code   RO           99    i.checkFour         game.o
    0x0000204e   0x00000024   Code   RO          100    i.checkWin          game.o
    0x00002072   0x0000006c   Code   RO          101    i.diagonalCheck     game.o
    0x000020de   0x00000040   Code   RO          103    i.horizontalCheck   game.o
    0x0000211e   0x00000002   PAD
    0x00002120   0x0000004c   Code   RO          333    i.lcdwrite          nokia5110.o
    0x0000216c   0x00000224   Code   RO           22    i.main              connect4.o
    0x00002390   0x0000002e   Code   RO          104    i.printBoard        game.o
    0x000023be   0x00000002   PAD
    0x000023c0   0x00000084   Code   RO          105    i.startingScreen    game.o
    0x00002444   0x00000178   Code   RO          106    i.takeTurn          game.o
    0x000025bc   0x00000042   Code   RO          107    i.verticalCheck     game.o
    0x000025fe   0x000001e0   Data   RO          335    .constdata          nokia5110.o
    0x000027de   0x00000300   Data   RO          491    .constdata          oled_i2c.o
    0x00002ade   0x00000002   PAD
    0x00002ae0   0x0000174c   Data   RO         1377    .constdata          texas.o
    0x0000422c   0x00000003   Data   RO           25    .conststring        connect4.o
    0x0000422f   0x00000001   PAD
    0x00004230   0x00000020   Data   RO         1716    Region$$Table       anon$$obj.o


    Execution Region ER_RW (Base: 0x20000000, Size: 0x00000060, Max: 0xffffffff, ABSOLUTE)

    Base Addr    Size         Type   Attr      Idx    E Section Name        Object

    0x20000000   0x00000010   Data   RW           26    .data               connect4.o
    0x20000010   0x00000014   Data   RW          109    .data               game.o
    0x20000024   0x00000004   Data   RW          437    .data               gptm_driver.o
    0x20000028   0x00000038   Data   RW         1378    .data               texas.o


    Execution Region ER_ZI (Base: 0x20000060, Size: 0x00000900, Max: 0xffffffff, ABSOLUTE)

    Base Addr    Size         Type   Attr      Idx    E Section Name        Object

    0x20000060   0x0000002b   Zero   RW           23    .bss                connect4.o
    0x2000008b   0x000001f8   Zero   RW          334    .bss                nokia5110.o
    0x20000283   0x00000005   PAD
    0x20000288   0x00000274   Zero   RW         1376    .bss                texas.o
    0x200004fc   0x00000060   Zero   RW         1583    .bss                c_w.l(libspace.o)
    0x2000055c   0x00000004   PAD
    0x20000560   0x00000000   Zero   RW            2    HEAP                startup.o
    0x20000560   0x00000400   Zero   RW            1    STACK               startup.o


==============================================================================

Image component sizes


      Code (inc. data)   RO Data    RW Data    ZI Data      Debug   Object Name

       168         12          0          0          0        423   adc.o
         0          0          0          0          0       1444   branchingfunctionsdelays.o
       692        132          3         16         43       6042   connect4.o
       918         86          0         20          0       5776   game.o
      1812        516          0          0          0      11505   gpio.o
       432         80          0          4          0       2615   gptm_driver.o
       396        100          0          0          0       1378   led.o
       872         80        480          0        504       7143   nokia5110.o
       686         32        768          0          0       6613   oled_i2c.o
       272         28          0          0          0        447   pwm.o
       692        632          0          0       1024        900   startup.o
      1880        124       5964         56        628      13030   texas.o

    ----------------------------------------------------------------------
      8830       1822       7250         96       2204      57316   Object Totals
         0          0         32          0          0          0   (incl. Generated)
        10          0          3          0          5          0   (incl. Padding)

    ----------------------------------------------------------------------

      Code (inc. data)   RO Data    RW Data    ZI Data      Debug   Library Member Name

         8          0          0          0          0         68   __main.o
        52          8          0          0          0          0   __scatter.o
        26          0          0          0          0          0   __scatter_copy.o
        28          0          0          0          0          0   __scatter_zi.o
        12          0          0          0          0         72   exit.o
         6          0          0          0          0        152   heapauxi.o
         0          0          0          0          0          0   indicate_semi.o
         2          0          0          0          0          0   libinit.o
         2          0          0          0          0          0   libinit2.o
         2          0          0          0          0          0   libshutdown.o
         2          0          0          0          0          0   libshutdown2.o
         8          4          0          0         96         68   libspace.o
       138          0          0          0          0         68   rt_memcpy_v6.o
       100          0          0          0          0         80   rt_memcpy_w.o
       132          0          0          0          0         68   rt_memmove_v6.o
       122          0          0          0          0         80   rt_memmove_w.o
         0          0          0          0          0          0   rtentry.o
        12          0          0          0          0          0   rtentry2.o
         6          0          0          0          0          0   rtentry4.o
         2          0          0          0          0          0   rtexit.o
        10          0          0          0          0          0   rtexit2.o
       128          0          0          0          0         68   strcmpv7m.o
        12          4          0          0          0         68   sys_exit.o
        74          0          0          0          0         80   sys_stackheap_outer.o
         2          0          0          0          0         68   use_no_semi.o

    ----------------------------------------------------------------------
       896         16          0          0        100        940   Library Totals
        10          0          0          0          4          0   (incl. Padding)

    ----------------------------------------------------------------------

      Code (inc. data)   RO Data    RW Data    ZI Data      Debug   Library Name

       886         16          0          0         96        940   c_w.l

    ----------------------------------------------------------------------
       896         16          0          0        100        940   Library Totals

    ----------------------------------------------------------------------

==============================================================================


      Code (inc. data)   RO Data    RW Data    ZI Data      Debug   

      9726       1838       7250         96       2304      54304   Grand Totals
      9726       1838       7250         96       2304      54304   ELF Image Totals
      9726       1838       7250         96          0          0   ROM Totals

==============================================================================

    Total RO  Size (Code + RO Data)                16976 (  16.58kB)
    Total RW  Size (RW Data + ZI Data)              2400 (   2.34kB)
    Total ROM Size (Code + RO Data + RW Data)      17072 (  16.67kB)

==============================================================================

